Archive member included to satisfy reference by file (symbol)

/usr/lib/gcc/arm-none-eabi/15.2.0/thumb/v6-m/nofp/libgcc.a(_dvmd_tls.o)
                              CMakeFiles/112_blink.dir/home/l3v/repo/pico/pico-sdk/src/rp2_common/pico_divider/divider_hardware.S.o (__aeabi_idiv0)
/usr/lib/gcc/arm-none-eabi/15.2.0/../../../../arm-none-eabi/lib/thumb/v6-m/nofp/libg.a(libc_a-calloc.o)
                              CMakeFiles/112_blink.dir/home/l3v/repo/pico/pico-sdk/src/rp2_common/pico_malloc/malloc.c.o (calloc)
/usr/lib/gcc/arm-none-eabi/15.2.0/../../../../arm-none-eabi/lib/thumb/v6-m/nofp/libg.a(libc_a-callocr.o)
                              /usr/lib/gcc/arm-none-eabi/15.2.0/../../../../arm-none-eabi/lib/thumb/v6-m/nofp/libg.a(libc_a-calloc.o) (_calloc_r)
/usr/lib/gcc/arm-none-eabi/15.2.0/../../../../arm-none-eabi/lib/thumb/v6-m/nofp/libg.a(libc_a-malloc.o)
                              CMakeFiles/112_blink.dir/home/l3v/repo/pico/pico-sdk/src/rp2_common/pico_malloc/malloc.c.o (malloc)
/usr/lib/gcc/arm-none-eabi/15.2.0/../../../../arm-none-eabi/lib/thumb/v6-m/nofp/libg.a(libc_a-mallocr.o)
                              /usr/lib/gcc/arm-none-eabi/15.2.0/../../../../arm-none-eabi/lib/thumb/v6-m/nofp/libg.a(libc_a-callocr.o) (_malloc_r)
/usr/lib/gcc/arm-none-eabi/15.2.0/../../../../arm-none-eabi/lib/thumb/v6-m/nofp/libg.a(libc_a-mlock.o)
                              /usr/lib/gcc/arm-none-eabi/15.2.0/../../../../arm-none-eabi/lib/thumb/v6-m/nofp/libg.a(libc_a-mallocr.o) (__malloc_lock)
/usr/lib/gcc/arm-none-eabi/15.2.0/../../../../arm-none-eabi/lib/thumb/v6-m/nofp/libg.a(libc_a-realloc.o)
                              CMakeFiles/112_blink.dir/home/l3v/repo/pico/pico-sdk/src/rp2_common/pico_malloc/malloc.c.o (realloc)
/usr/lib/gcc/arm-none-eabi/15.2.0/../../../../arm-none-eabi/lib/thumb/v6-m/nofp/libg.a(libc_a-reallocr.o)
                              /usr/lib/gcc/arm-none-eabi/15.2.0/../../../../arm-none-eabi/lib/thumb/v6-m/nofp/libg.a(libc_a-realloc.o) (_realloc_r)
/usr/lib/gcc/arm-none-eabi/15.2.0/../../../../arm-none-eabi/lib/thumb/v6-m/nofp/libg.a(libc_a-memcmp.o)
                              CMakeFiles/112_blink.dir/home/l3v/repo/pico/pico-sdk/src/rp2_common/pico_atomic/atomic.c.o (memcmp)
/usr/lib/gcc/arm-none-eabi/15.2.0/../../../../arm-none-eabi/lib/thumb/v6-m/nofp/libg.a(libc_a-memmove.o)
                              /usr/lib/gcc/arm-none-eabi/15.2.0/../../../../arm-none-eabi/lib/thumb/v6-m/nofp/libg.a(libc_a-reallocr.o) (memmove)
/usr/lib/gcc/arm-none-eabi/15.2.0/../../../../arm-none-eabi/lib/thumb/v6-m/nofp/libg.a(libc_a-lcltime_r.o)
                              CMakeFiles/112_blink.dir/home/l3v/repo/pico/pico-sdk/src/common/pico_util/datetime.c.o (localtime_r)
/usr/lib/gcc/arm-none-eabi/15.2.0/../../../../arm-none-eabi/lib/thumb/v6-m/nofp/libg.a(libc_a-mktime.o)
                              CMakeFiles/112_blink.dir/home/l3v/repo/pico/pico-sdk/src/common/pico_util/datetime.c.o (mktime)
/usr/lib/gcc/arm-none-eabi/15.2.0/../../../../arm-none-eabi/lib/thumb/v6-m/nofp/libg.a(libc_a-month_lengths.o)
                              /usr/lib/gcc/arm-none-eabi/15.2.0/../../../../arm-none-eabi/lib/thumb/v6-m/nofp/libg.a(libc_a-lcltime_r.o) (__month_lengths)
/usr/lib/gcc/arm-none-eabi/15.2.0/../../../../arm-none-eabi/lib/thumb/v6-m/nofp/libg.a(libc_a-tzcalc_limits.o)
                              /usr/lib/gcc/arm-none-eabi/15.2.0/../../../../arm-none-eabi/lib/thumb/v6-m/nofp/libg.a(libc_a-lcltime_r.o) (__tzcalc_limits)
/usr/lib/gcc/arm-none-eabi/15.2.0/../../../../arm-none-eabi/lib/thumb/v6-m/nofp/libg.a(libc_a-tzlock.o)
                              /usr/lib/gcc/arm-none-eabi/15.2.0/../../../../arm-none-eabi/lib/thumb/v6-m/nofp/libg.a(libc_a-lcltime_r.o) (__tz_lock)
/usr/lib/gcc/arm-none-eabi/15.2.0/../../../../arm-none-eabi/lib/thumb/v6-m/nofp/libg.a(libc_a-tzset.o)
                              /usr/lib/gcc/arm-none-eabi/15.2.0/../../../../arm-none-eabi/lib/thumb/v6-m/nofp/libg.a(libc_a-lcltime_r.o) (_tzset_unlocked)
/usr/lib/gcc/arm-none-eabi/15.2.0/../../../../arm-none-eabi/lib/thumb/v6-m/nofp/libg.a(libc_a-tzset_r.o)
                              /usr/lib/gcc/arm-none-eabi/15.2.0/../../../../arm-none-eabi/lib/thumb/v6-m/nofp/libg.a(libc_a-tzset.o) (_tzset_unlocked_r)
/usr/lib/gcc/arm-none-eabi/15.2.0/../../../../arm-none-eabi/lib/thumb/v6-m/nofp/libg.a(libc_a-tzvars.o)
                              /usr/lib/gcc/arm-none-eabi/15.2.0/../../../../arm-none-eabi/lib/thumb/v6-m/nofp/libg.a(libc_a-tzset_r.o) (_timezone)
/usr/lib/gcc/arm-none-eabi/15.2.0/../../../../arm-none-eabi/lib/thumb/v6-m/nofp/libg.a(libc_a-impure.o)
                              /usr/lib/gcc/arm-none-eabi/15.2.0/../../../../arm-none-eabi/lib/thumb/v6-m/nofp/libg.a(libc_a-calloc.o) (_impure_ptr)
/usr/lib/gcc/arm-none-eabi/15.2.0/../../../../arm-none-eabi/lib/thumb/v6-m/nofp/libg.a(libc_a-sbrkr.o)
[...]
Memory Configuration

Name             Origin             Length             Attributes
FLASH            0x10000000         0x00200000         xr
XIP_RAM          0x15000000         0x00004000         xrw
RAM              0x20000000         0x00040000         xrw
SCRATCH_X        0x20040000         0x00001000         xrw
SCRATCH_Y        0x20041000         0x00001000         xrw
*default*        0x00000000         0xffffffff

Linker script and memory map

                0x20000000                        RAM_ORIGIN_DEFAULT = 0x20000000
                0x00040000                        RAM_LENGTH_DEFAULT = 0x40000
                0x20040000                        SCRATCH_X_ORIGIN_DEFAULT = 0x20040000
                0x00001000                        SCRATCH_X_LENGTH_DEFAULT = 0x1000
                0x20041000                        SCRATCH_Y_ORIGIN_DEFAULT = 0x20041000
                0x00001000                        SCRATCH_Y_LENGTH_DEFAULT = 0x1000
                0x15000000                        XIP_RAM_ORIGIN_DEFAULT = 0x15000000
                0x00004000                        XIP_RAM_LENGTH_DEFAULT = 0x4000
LOAD CMakeFiles/112_blink.dir/main.c.o
LOAD CMakeFiles/112_blink.dir/home/l3v/repo/pico/pico-sdk/src/rp2_common/pico_stdlib/stdlib.c.o
LOAD CMakeFiles/112_blink.dir/home/l3v/repo/pico/pico-sdk/src/rp2_common/hardware_gpio/gpio.c.o
LOAD CMakeFiles/112_blink.dir/home/l3v/repo/pico/pico-sdk/src/rp2040/pico_platform/platform.c.o
LOAD CMakeFiles/112_blink.dir/home/l3v/repo/pico/pico-sdk/src/rp2_common/pico_platform_common/common.c.o
LOAD CMakeFiles/112_blink.dir/home/l3v/repo/pico/pico-sdk/src/rp2_common/pico_platform_panic/panic.c.o
LOAD CMakeFiles/112_blink.dir/home/l3v/repo/pico/pico-sdk/src/rp2_common/pico_platform_panic/custom_panic_function.S.o
LOAD CMakeFiles/112_blink.dir/home/l3v/repo/pico/pico-sdk/src/common/hardware_claim/claim.c.o
LOAD CMakeFiles/112_blink.dir/home/l3v/repo/pico/pico-sdk/src/rp2_common/hardware_sync/sync.c.o
LOAD CMakeFiles/112_blink.dir/home/l3v/repo/pico/pico-sdk/src/rp2_common/hardware_sync_spin_lock/sync_spin_lock.c.o
LOAD CMakeFiles/112_blink.dir/home/l3v/repo/pico/pico-sdk/src/rp2_common/hardware_irq/irq.c.o
LOAD CMakeFiles/112_blink.dir/home/l3v/repo/pico/pico-sdk/src/rp2_common/hardware_irq/irq_handler_chain.S.o
LOAD CMakeFiles/112_blink.dir/home/l3v/repo/pico/pico-sdk/src/common/pico_sync/sem.c.o
LOAD CMakeFiles/112_blink.dir/home/l3v/repo/pico/pico-sdk/src/common/pico_sync/lock_core.c.o
LOAD CMakeFiles/112_blink.dir/home/l3v/repo/pico/pico-sdk/src/common/pico_sync/mutex.c.o
LOAD CMakeFiles/112_blink.dir/home/l3v/repo/pico/pico-sdk/src/common/pico_sync/critical_section.c.o
LOAD CMakeFiles/112_blink.dir/home/l3v/repo/pico/pico-sdk/src/common/pico_time/time.c.o
LOAD CMakeFiles/112_blink.dir/home/l3v/repo/pico/pico-sdk/src/common/pico_time/timeout_helper.c.o
LOAD CMakeFiles/112_blink.dir/home/l3v/repo/pico/pico-sdk/src/rp2_common/hardware_timer/timer.c.o
LOAD CMakeFiles/112_blink.dir/home/l3v/repo/pico/pico-sdk/src/common/pico_util/datetime.c.o
LOAD CMakeFiles/112_blink.dir/home/l3v/repo/pico/pico-sdk/src/common/pico_util/fixed_bitset.c.o
LOAD CMakeFiles/112_blink.dir/home/l3v/repo/pico/pico-sdk/src/common/pico_util/pheap.c.o
LOAD CMakeFiles/112_blink.dir/home/l3v/repo/pico/pico-sdk/src/common/pico_util/queue.c.o
LOAD CMakeFiles/112_blink.dir/home/l3v/repo/pico/pico-sdk/src/rp2_common/hardware_uart/uart.c.o
LOAD CMakeFiles/112_blink.dir/home/l3v/repo/pico/pico-sdk/src/rp2_common/hardware_clocks/clocks.c.o
LOAD CMakeFiles/112_blink.dir/home/l3v/repo/pico/pico-sdk/src/rp2_common/hardware_pll/pll.c.o
LOAD CMakeFiles/112_blink.dir/home/l3v/repo/pico/pico-sdk/src/rp2_common/hardware_vreg/vreg.c.o
LOAD CMakeFiles/112_blink.dir/home/l3v/repo/pico/pico-sdk/src/rp2_common/hardware_watchdog/watchdog.c.o
LOAD CMakeFiles/112_blink.dir/home/l3v/repo/pico/pico-sdk/src/rp2_common/hardware_ticks/ticks.c.o
LOAD CMakeFiles/112_blink.dir/home/l3v/repo/pico/pico-sdk/src/rp2_common/pico_bootrom/bootrom.c.o
LOAD CMakeFiles/112_blink.dir/home/l3v/repo/pico/pico-sdk/src/rp2_common/pico_bootrom/bootrom_lock.c.o
LOAD CMakeFiles/112_blink.dir/home/l3v/repo/pico/pico-sdk/src/rp2_common/hardware_boot_lock/boot_lock.c.o
LOAD CMakeFiles/112_blink.dir/home/l3v/repo/pico/pico-sdk/src/rp2_common/pico_flash/flash.c.o
LOAD CMakeFiles/112_blink.dir/home/l3v/repo/pico/pico-sdk/src/rp2_common/hardware_xosc/xosc.c.o
LOAD CMakeFiles/112_blink.dir/home/l3v/repo/pico/pico-sdk/src/rp2_common/hardware_divider/divider.S.o
LOAD CMakeFiles/112_blink.dir/home/l3v/repo/pico/pico-sdk/src/rp2_common/pico_runtime/runtime.c.o
LOAD CMakeFiles/112_blink.dir/home/l3v/repo/pico/pico-sdk/src/rp2_common/pico_runtime_init/runtime_init.c.o
LOAD CMakeFiles/112_blink.dir/home/l3v/repo/pico/pico-sdk/src/rp2_common/pico_runtime_init/runtime_init_clocks.c.o
LOAD CMakeFiles/112_blink.dir/home/l3v/repo/pico/pico-sdk/src/rp2_common/pico_runtime_init/runtime_init_stack_guard.c.o
LOAD CMakeFiles/112_blink.dir/home/l3v/repo/pico/pico-sdk/src/rp2_common/hardware_rtc/rtc.c.o
LOAD CMakeFiles/112_blink.dir/home/l3v/repo/pico/pico-sdk/src/rp2_common/pico_bit_ops/bit_ops_aeabi.S.o
LOAD CMakeFiles/112_blink.dir/home/l3v/repo/pico/pico-sdk/src/rp2_common/pico_divider/divider_hardware.S.o
LOAD CMakeFiles/112_blink.dir/home/l3v/repo/pico/pico-sdk/src/rp2_common/pico_double/double_aeabi_rp2040.S.o
LOAD CMakeFiles/112_blink.dir/home/l3v/repo/pico/pico-sdk/src/rp2_common/pico_double/double_init_rom_rp2040.c.o
LOAD CMakeFiles/112_blink.dir/home/l3v/repo/pico/pico-sdk/src/rp2_common/pico_double/double_math.c.o
LOAD CMakeFiles/112_blink.dir/home/l3v/repo/pico/pico-sdk/src/rp2_common/pico_double/double_v1_rom_shim_rp2040.S.o
LOAD CMakeFiles/112_blink.dir/home/l3v/repo/pico/pico-sdk/src/rp2_common/pico_int64_ops/pico_int64_ops_aeabi.S.o
LOAD CMakeFiles/112_blink.dir/home/l3v/repo/pico/pico-sdk/src/rp2_common/pico_float/float_aeabi_rp2040.S.o
LOAD CMakeFiles/112_blink.dir/home/l3v/repo/pico/pico-sdk/src/rp2_common/pico_float/float_init_rom_rp2040.c.o
LOAD CMakeFiles/112_blink.dir/home/l3v/repo/pico/pico-sdk/src/rp2_common/pico_float/float_math.c.o
LOAD CMakeFiles/112_blink.dir/home/l3v/repo/pico/pico-sdk/src/rp2_common/pico_float/float_v1_rom_shim_rp2040.S.o
LOAD CMakeFiles/112_blink.dir/home/l3v/repo/pico/pico-sdk/src/rp2_common/pico_malloc/malloc.c.o
LOAD CMakeFiles/112_blink.dir/home/l3v/repo/pico/pico-sdk/src/rp2_common/pico_mem_ops/mem_ops_aeabi.S.o
LOAD CMakeFiles/112_blink.dir/home/l3v/repo/pico/pico-sdk/src/rp2_common/pico_atomic/atomic.c.o
LOAD CMakeFiles/112_blink.dir/home/l3v/repo/pico/pico-sdk/src/rp2_common/pico_cxx_options/new_delete.cpp.o
LOAD CMakeFiles/112_blink.dir/home/l3v/repo/pico/pico-sdk/src/rp2_common/pico_standard_binary_info/standard_binary_info.c.o
LOAD CMakeFiles/112_blink.dir/home/l3v/repo/pico/pico-sdk/src/rp2_common/pico_printf/printf.c.o
LOAD CMakeFiles/112_blink.dir/home/l3v/repo/pico/pico-sdk/src/rp2_common/pico_crt0/crt0.S.o
LOAD CMakeFiles/112_blink.dir/home/l3v/repo/pico/pico-sdk/src/rp2_common/pico_clib_interface/newlib_interface.c.o
LOAD CMakeFiles/112_blink.dir/home/l3v/repo/pico/pico-sdk/src/rp2_common/pico_clib_interface/cxa_guard.c.o
LOAD CMakeFiles/112_blink.dir/home/l3v/repo/pico/pico-sdk/src/rp2_common/pico_stdio/stdio.c.o
LOAD CMakeFiles/112_blink.dir/home/l3v/repo/pico/pico-sdk/src/rp2_common/pico_stdio_uart/stdio_uart.c.o
LOAD CMakeFiles/112_blink.dir/home/l3v/repo/pico/pico-sdk/src/rp2_common/pico_thread_local/thread_local.c.o
LOAD pico-sdk/src/rp2040/boot_stage2/CMakeFiles/bs2_default_library.dir/bs2_default_padded_checksummed.S.o
LOAD /usr/lib/gcc/arm-none-eabi/15.2.0/../../../../arm-none-eabi/lib/thumb/v6-m/nofp/libstdc++.a
LOAD /usr/lib/gcc/arm-none-eabi/15.2.0/../../../../arm-none-eabi/lib/thumb/v6-m/nofp/libm.a
START GROUP
LOAD /usr/lib/gcc/arm-none-eabi/15.2.0/thumb/v6-m/nofp/libgcc.a
LOAD /usr/lib/gcc/arm-none-eabi/15.2.0/../../../../arm-none-eabi/lib/thumb/v6-m/nofp/libg.a
LOAD /usr/lib/gcc/arm-none-eabi/15.2.0/../../../../arm-none-eabi/lib/thumb/v6-m/nofp/libc.a
END GROUP
                0x20000000                        PROVIDE (RAM_ORIGIN = RAM_ORIGIN_DEFAULT)
                0x00040000                        PROVIDE (RAM_LENGTH = RAM_LENGTH_DEFAULT)
                0x20040000                        PROVIDE (SCRATCH_X_ORIGIN = SCRATCH_X_ORIGIN_DEFAULT)
                0x00001000                        PROVIDE (SCRATCH_X_LENGTH = SCRATCH_X_LENGTH_DEFAULT)
                0x20041000                        PROVIDE (SCRATCH_Y_ORIGIN = SCRATCH_Y_ORIGIN_DEFAULT)
                0x00001000                        PROVIDE (SCRATCH_Y_LENGTH = SCRATCH_Y_LENGTH_DEFAULT)
                0x15000000                        PROVIDE (XIP_RAM_ORIGIN = XIP_RAM_ORIGIN_DEFAULT)
                0x00004000                        PROVIDE (XIP_RAM_LENGTH = XIP_RAM_LENGTH_DEFAULT)
                0x20000000                        RAM_ORIGIN = DEFINED (RAM_ORIGIN)?RAM_ORIGIN:RAM_ORIGIN_DEFAULT
                0x00040000                        RAM_LENGTH = DEFINED (RAM_LENGTH)?RAM_LENGTH:RAM_LENGTH_DEFAULT
                0x20040000                        SCRATCH_X_ORIGIN = DEFINED (SCRATCH_X_ORIGIN)?SCRATCH_X_ORIGIN:SCRATCH_X_ORIGIN_DEFAULT
                0x00001000                        SCRATCH_X_LENGTH = DEFINED (SCRATCH_X_LENGTH)?SCRATCH_X_LENGTH:SCRATCH_X_LENGTH_DEFAULT
                0x20041000                        SCRATCH_Y_ORIGIN = DEFINED (SCRATCH_Y_ORIGIN)?SCRATCH_Y_ORIGIN:SCRATCH_Y_ORIGIN_DEFAULT
                0x00001000                        SCRATCH_Y_LENGTH = DEFINED (SCRATCH_Y_LENGTH)?SCRATCH_Y_LENGTH:SCRATCH_Y_LENGTH_DEFAULT
                0x15000000                        XIP_RAM_ORIGIN = DEFINED (XIP_RAM_ORIGIN)?XIP_RAM_ORIGIN:XIP_RAM_ORIGIN_DEFAULT
                0x00004000                        XIP_RAM_LENGTH = DEFINED (XIP_RAM_LENGTH)?XIP_RAM_LENGTH:XIP_RAM_LENGTH_DEFAULT

.flash_begin    0x10000000        0x0
                0x10000000                        __flash_binary_start = .

.boot2          0x10000000      0x100
                0x10000000                        __boot2_start__ = .
 *(.boot2)
 .boot2         0x10000000      0x100 pico-sdk/src/rp2040/boot_stage2/CMakeFiles/bs2_default_library.dir/bs2_default_padded_checksummed.S.o
                0x10000100                        __boot2_end__ = .
                0x00000001                        ASSERT (((__boot2_end__ - __boot2_start__) == 0x100), ERROR: Pico second stage bootloader must be exactly 256 bytes in size for RP2040)

.text           0x10000100     0x168c
                0x10000100                        __logical_binary_start = .
 *(.vectors)
 .vectors       0x10000100       0xd4 CMakeFiles/112_blink.dir/home/l3v/repo/pico/pico-sdk/src/rp2_common/pico_crt0/crt0.S.o
                0x10000100                __vectors
                0x10000100                __VECTOR_TABLE
                0x100001c0                isr_irq30
                0x100001c0                __unhandled_user_irq
                0x100001c0                isr_irq13
                0x100001c0                isr_irq27
                0x100001c0                isr_irq31
                0x100001c0                isr_irq5
                0x100001c0                isr_irq11
                0x100001c0                isr_irq23
                0x100001c0                isr_irq18
                0x100001c0                isr_irq28
                0x100001c0                isr_irq19
                0x100001c0                isr_irq0
                0x100001c0                isr_irq6
                0x100001c0                isr_irq22
                0x100001c0                isr_irq17
                0x100001c0                isr_irq14
                0x100001c0                __vectors_end
                0x100001c0                __default_isrs_start
                0x100001c0                isr_irq2
                0x100001c0                isr_irq10
                0x100001c0                isr_irq8
                0x100001c0                isr_irq24
                0x100001c0                isr_irq1
                0x100001c0                isr_irq7
                0x100001c0                isr_irq21
                0x100001c0                isr_irq20
                0x100001c0                isr_irq15
                0x100001c0                isr_irq25
                0x100001c0                isr_irq4
                0x100001c0                isr_irq16
                0x100001c0                isr_irq29
                0x100001c0                isr_irq26
                0x100001c0                isr_irq3
                0x100001c0                isr_irq12
                0x100001c0                isr_irq9
                0x100001c6                unhandled_user_irq_num_in_r0
                0x100001c8                isr_invalid
                0x100001ca                isr_nmi
                0x100001cc                isr_hardfault
                0x100001ce                isr_svcall
                0x100001d0                isr_pendsv
                0x100001d2                isr_systick
                0x100001d4                __default_isrs_end
 *(.binary_info_header)
 .binary_info_header
                0x100001d4       0x14 CMakeFiles/112_blink.dir/home/l3v/repo/pico/pico-sdk/src/rp2_common/pico_crt0/crt0.S.o
                0x100001e8                        __binary_info_header_end = .
 *(.embedded_block)
                0x100001e8                        __embedded_block_end = .
 *(.reset)
 .reset         0x100001e8       0x98 CMakeFiles/112_blink.dir/home/l3v/repo/pico/pico-sdk/src/rp2_common/pico_crt0/crt0.S.o
                0x100001e8                _entry_point
 *(.init)
 *libgcc.a:cmse_nonsecure_call.o()
 *(EXCLUDE_FILE(*libm.a: *lib*_a-mem*.o *libc.a: *libgcc.a:) .text*)
 .text.startup.main
                0x10000280       0x28 CMakeFiles/112_blink.dir/main.c.o
                0x10000280                main
 .text.gpio_init
                0x100002a8       0x3c CMakeFiles/112_blink.dir/home/l3v/repo/pico/pico-sdk/src/rp2_common/hardware_gpio/gpio.c.o
                0x100002a8                gpio_init
 .text.panic    0x100002e4       0x30 CMakeFiles/112_blink.dir/home/l3v/repo/pico/pico-sdk/src/rp2_common/pico_platform_panic/panic.c.o
                0x100002e4                panic
 .text.hw_claim_or_assert
                0x10000314       0x50 CMakeFiles/112_blink.dir/home/l3v/repo/pico/pico-sdk/src/common/hardware_claim/claim.c.o
                0x10000314                hw_claim_or_assert
 .text.next_striped_spin_lock_num
                0x10000364       0x18 CMakeFiles/112_blink.dir/home/l3v/repo/pico/pico-sdk/src/rp2_common/hardware_sync/sync.c.o
                0x10000364                next_striped_spin_lock_num
 .text.spin_locks_reset
                0x1000037c       0x1c CMakeFiles/112_blink.dir/home/l3v/repo/pico/pico-sdk/src/rp2_common/hardware_sync_spin_lock/sync_spin_lock.c.o
                0x1000037c                spin_locks_reset
 .text.runtime_init_per_core_irq_priorities
                0x10000398       0x48 CMakeFiles/112_blink.dir/home/l3v/repo/pico/pico-sdk/src/rp2_common/hardware_irq/irq.c.o
                0x10000398                runtime_init_per_core_irq_priorities
 .text.irq_set_enabled
                0x100003e0       0x24 CMakeFiles/112_blink.dir/home/l3v/repo/pico/pico-sdk/src/rp2_common/hardware_irq/irq.c.o
                0x100003e0                irq_set_enabled
 .text.irq_set_exclusive_handler
                0x10000404       0x54 CMakeFiles/112_blink.dir/home/l3v/repo/pico/pico-sdk/src/rp2_common/hardware_irq/irq.c.o
                0x10000404                irq_set_exclusive_handler
 .text.lock_init
                0x10000458       0x10 CMakeFiles/112_blink.dir/home/l3v/repo/pico/pico-sdk/src/common/pico_sync/lock_core.c.o
                0x10000458                lock_init
 .text.runtime_init_mutex
                0x10000468       0x50 CMakeFiles/112_blink.dir/home/l3v/repo/pico/pico-sdk/src/common/pico_sync/mutex.c.o
                0x10000468                runtime_init_mutex
 .text.sleep_until_callback
                0x100004b8       0x30 CMakeFiles/112_blink.dir/home/l3v/repo/pico/pico-sdk/src/common/pico_time/time.c.o
 .text.alarm_pool_irq_handler
                0x100004e8      0x2f4 CMakeFiles/112_blink.dir/home/l3v/repo/pico/pico-sdk/src/common/pico_time/time.c.o
 .text.runtime_init_default_alarm_pool
                0x100007dc       0xd8 CMakeFiles/112_blink.dir/home/l3v/repo/pico/pico-sdk/src/common/pico_time/time.c.o
                0x100007dc                runtime_init_default_alarm_pool
 .text.alarm_pool_add_alarm_at_force_in_context
                0x100008b4       0xbc CMakeFiles/112_blink.dir/home/l3v/repo/pico/pico-sdk/src/common/pico_time/time.c.o
                0x100008b4                alarm_pool_add_alarm_at_force_in_context
 .text.alarm_pool_cancel_alarm
                0x10000970       0x74 CMakeFiles/112_blink.dir/home/l3v/repo/pico/pico-sdk/src/common/pico_time/time.c.o
                0x10000970                alarm_pool_cancel_alarm
 .text.sleep_ms
                0x100009e4       0xfc CMakeFiles/112_blink.dir/home/l3v/repo/pico/pico-sdk/src/common/pico_time/time.c.o
                0x100009e4                sleep_ms
 .text.best_effort_wfe_or_timeout
                0x10000ae0      0x12c CMakeFiles/112_blink.dir/home/l3v/repo/pico/pico-sdk/src/common/pico_time/time.c.o
                0x10000ae0                best_effort_wfe_or_timeout
 .text.timer_hardware_alarm_claim
                0x10000c0c       0x14 CMakeFiles/112_blink.dir/home/l3v/repo/pico/pico-sdk/src/rp2_common/hardware_timer/timer.c.o
                0x10000c0c                timer_hardware_alarm_claim
 .text.timer_time_us_64
                0x10000c20       0x10 CMakeFiles/112_blink.dir/home/l3v/repo/pico/pico-sdk/src/rp2_common/hardware_timer/timer.c.o
                0x10000c20                timer_time_us_64
 .text.time_us_64
                0x10000c30       0x14 CMakeFiles/112_blink.dir/home/l3v/repo/pico/pico-sdk/src/rp2_common/hardware_timer/timer.c.o
                0x10000c30                time_us_64
 .text.busy_wait_until
                0x10000c44       0x20 CMakeFiles/112_blink.dir/home/l3v/repo/pico/pico-sdk/src/rp2_common/hardware_timer/timer.c.o
                0x10000c44                busy_wait_until
 .text.clock_configure_int_divider
                0x10000c64       0xec CMakeFiles/112_blink.dir/home/l3v/repo/pico/pico-sdk/src/rp2_common/hardware_clocks/clocks.c.o
                0x10000c64                clock_configure_int_divider
 .text.clock_configure_undivided
                0x10000d50       0xe0 CMakeFiles/112_blink.dir/home/l3v/repo/pico/pico-sdk/src/rp2_common/hardware_clocks/clocks.c.o
                0x10000d50                clock_configure_undivided
 .text.clock_get_hz
                0x10000e30        0xc CMakeFiles/112_blink.dir/home/l3v/repo/pico/pico-sdk/src/rp2_common/hardware_clocks/clocks.c.o
                0x10000e30                clock_get_hz
 .text.pll_init
                0x10000e3c       0xb0 CMakeFiles/112_blink.dir/home/l3v/repo/pico/pico-sdk/src/rp2_common/hardware_pll/pll.c.o
                0x10000e3c                pll_init
 .text.tick_start
                0x10000eec       0x10 CMakeFiles/112_blink.dir/home/l3v/repo/pico/pico-sdk/src/rp2_common/hardware_ticks/ticks.c.o
                0x10000eec                tick_start
 .text.rom_func_lookup
                0x10000efc       0x10 CMakeFiles/112_blink.dir/home/l3v/repo/pico/pico-sdk/src/rp2_common/pico_bootrom/bootrom.c.o
                0x10000efc                rom_func_lookup
 .text.rom_data_lookup
                0x10000f0c       0x10 CMakeFiles/112_blink.dir/home/l3v/repo/pico/pico-sdk/src/rp2_common/pico_bootrom/bootrom.c.o
                0x10000f0c                rom_data_lookup
 .text.rom_funcs_lookup
                0x10000f1c       0x44 CMakeFiles/112_blink.dir/home/l3v/repo/pico/pico-sdk/src/rp2_common/pico_bootrom/bootrom.c.o
                0x10000f1c                rom_funcs_lookup
 .text.xosc_init
                0x10000f60       0x28 CMakeFiles/112_blink.dir/home/l3v/repo/pico/pico-sdk/src/rp2_common/hardware_xosc/xosc.c.o
                0x10000f60                xosc_init
 .text.first_per_core_initializer
                0x10000f88        0x4 CMakeFiles/112_blink.dir/home/l3v/repo/pico/pico-sdk/src/rp2_common/pico_runtime/runtime.c.o
 .text.hard_assertion_failure
                0x10000f8c        0xc CMakeFiles/112_blink.dir/home/l3v/repo/pico/pico-sdk/src/rp2_common/pico_runtime/runtime.c.o
                0x10000f8c                hard_assertion_failure
 .text.runtime_run_initializers
                0x10000f98       0x28 CMakeFiles/112_blink.dir/home/l3v/repo/pico/pico-sdk/src/rp2_common/pico_runtime/runtime.c.o
                0x10000f98                runtime_run_initializers
 .text.runtime_init_early_resets
                0x10000fc0       0x2c CMakeFiles/112_blink.dir/home/l3v/repo/pico/pico-sdk/src/rp2_common/pico_runtime_init/runtime_init.c.o
                0x10000fc0                runtime_init_early_resets
 .text.runtime_init_usb_power_down
                0x10000fec       0x1c CMakeFiles/112_blink.dir/home/l3v/repo/pico/pico-sdk/src/rp2_common/pico_runtime_init/runtime_init.c.o
                0x10000fec                runtime_init_usb_power_down
 .text.runtime_init_post_clock_resets
                0x10001008       0x20 CMakeFiles/112_blink.dir/home/l3v/repo/pico/pico-sdk/src/rp2_common/pico_runtime_init/runtime_init.c.o
                0x10001008                runtime_init_post_clock_resets
 .text.runtime_init_rp2040_gpio_ie_disable
                0x10001028       0x14 CMakeFiles/112_blink.dir/home/l3v/repo/pico/pico-sdk/src/rp2_common/pico_runtime_init/runtime_init.c.o
                0x10001028                runtime_init_rp2040_gpio_ie_disable
 .text.runtime_init_spin_locks_reset
                0x1000103c        0x8 CMakeFiles/112_blink.dir/home/l3v/repo/pico/pico-sdk/src/rp2_common/pico_runtime_init/runtime_init.c.o
                0x1000103c                runtime_init_spin_locks_reset
 .text.runtime_init_install_ram_vector_table
                0x10001044       0xb4 CMakeFiles/112_blink.dir/home/l3v/repo/pico/pico-sdk/src/rp2_common/pico_runtime_init/runtime_init.c.o
                0x10001044                runtime_init_install_ram_vector_table
 .text.runtime_init_clocks
                0x100010f8       0xd8 CMakeFiles/112_blink.dir/home/l3v/repo/pico/pico-sdk/src/rp2_common/pico_runtime_init/runtime_init_clocks.c.o
                0x100010f8                runtime_init_clocks
 .text          0x100011d0       0x10 CMakeFiles/112_blink.dir/home/l3v/repo/pico/pico-sdk/src/rp2_common/pico_bit_ops/bit_ops_aeabi.S.o
 .text.__wrap___aeabi_uidiv
                0x100011e0       0x4c CMakeFiles/112_blink.dir/home/l3v/repo/pico/pico-sdk/src/rp2_common/pico_divider/divider_hardware.S.o
                0x100011e0                __wrap___aeabi_uidiv
                0x100011e0                __wrap___aeabi_uidivmod
                0x100011e0                div_u32u32
                0x100011e0                divmod_u32u32
                0x10001210                divmod_u32u32_savestate
 .text.__aeabi_double_init
                0x1000122c       0xa4 CMakeFiles/112_blink.dir/home/l3v/repo/pico/pico-sdk/src/rp2_common/pico_double/double_init_rom_rp2040.c.o
                0x1000122c                __aeabi_double_init
 .text.double_table_shim_on_use_helper
                0x100012d0       0x2c CMakeFiles/112_blink.dir/home/l3v/repo/pico/pico-sdk/src/rp2_common/pico_double/double_v1_rom_shim_rp2040.S.o
                0x100012d0                double_table_shim_on_use_helper
 .text.__aeabi_lmul
                0x100012fc       0x32 CMakeFiles/112_blink.dir/home/l3v/repo/pico/pico-sdk/src/rp2_common/pico_int64_ops/pico_int64_ops_aeabi.S.o
                0x100012fc                __wrap___aeabi_lmul
 *fill*         0x1000132e        0x2 
 .text.__aeabi_float_init
                0x10001330       0x68 CMakeFiles/112_blink.dir/home/l3v/repo/pico/pico-sdk/src/rp2_common/pico_float/float_init_rom_rp2040.c.o
                0x10001330                __aeabi_float_init
 .text.float_table_shim_on_use_helper
                0x10001398       0x2c CMakeFiles/112_blink.dir/home/l3v/repo/pico/pico-sdk/src/rp2_common/pico_float/float_v1_rom_shim_rp2040.S.o
                0x10001398                float_table_shim_on_use_helper
 .text          0x100013c4       0x10 CMakeFiles/112_blink.dir/home/l3v/repo/pico/pico-sdk/src/rp2_common/pico_mem_ops/mem_ops_aeabi.S.o
                0x100013c4                __aeabi_mem_init
 .text.memcpy   0x100013d4        0xc CMakeFiles/112_blink.dir/home/l3v/repo/pico/pico-sdk/src/rp2_common/pico_mem_ops/mem_ops_aeabi.S.o
                0x100013d4                __wrap___aeabi_memcpy
                0x100013d4                __wrap_memcpy
 .text._out_char
                0x100013e0       0x10 CMakeFiles/112_blink.dir/home/l3v/repo/pico/pico-sdk/src/rp2_common/pico_printf/printf.c.o
 .text.weak_raw_vprintf
                0x100013f0       0x30 CMakeFiles/112_blink.dir/home/l3v/repo/pico/pico-sdk/src/rp2_common/pico_printf/printf.c.o
                0x100013f0                weak_raw_vprintf
 .text._exit    0x10001420        0x4 CMakeFiles/112_blink.dir/home/l3v/repo/pico/pico-sdk/src/rp2_common/pico_clib_interface/newlib_interface.c.o
                0x10001420                _exit
 .text._fini    0x10001424        0x4 CMakeFiles/112_blink.dir/home/l3v/repo/pico/pico-sdk/src/rp2_common/pico_clib_interface/newlib_interface.c.o
                0x10001424                _fini
 .text.exit     0x10001428        0x8 CMakeFiles/112_blink.dir/home/l3v/repo/pico/pico-sdk/src/rp2_common/pico_clib_interface/newlib_interface.c.o
                0x10001428                exit
 .text.runtime_init
                0x10001430       0x2c CMakeFiles/112_blink.dir/home/l3v/repo/pico/pico-sdk/src/rp2_common/pico_clib_interface/newlib_interface.c.o
                0x10001430                runtime_init
 .text.stdio_out_chars_no_crlf
                0x1000145c       0x10 CMakeFiles/112_blink.dir/home/l3v/repo/pico/pico-sdk/src/rp2_common/pico_stdio/stdio.c.o
 .text.stdio_out_chars_crlf
                0x1000146c       0x90 CMakeFiles/112_blink.dir/home/l3v/repo/pico/pico-sdk/src/rp2_common/pico_stdio/stdio.c.o
 .text.stdio_put_string
                0x100014fc       0xf4 CMakeFiles/112_blink.dir/home/l3v/repo/pico/pico-sdk/src/rp2_common/pico_stdio/stdio.c.o
                0x100014fc                stdio_put_string
 .text.__wrap_putchar
                0x100015f0       0x94 CMakeFiles/112_blink.dir/home/l3v/repo/pico/pico-sdk/src/rp2_common/pico_stdio/stdio.c.o
                0x100015f0                stdio_putchar
                0x100015f0                __wrap_putchar
 .text.__wrap_puts
                0x10001684       0x3c CMakeFiles/112_blink.dir/home/l3v/repo/pico/pico-sdk/src/rp2_common/pico_stdio/stdio.c.o
                0x10001684                __wrap_puts
                0x10001684                stdio_puts
 .text.strlen   0x100016c0       0x60 /usr/lib/gcc/arm-none-eabi/15.2.0/../../../../arm-none-eabi/lib/thumb/v6-m/nofp/libg.a(libc_a-strlen-stub.o)
                0x100016c0                strlen
 .text.strlen.__stub
                0x10001720       0x30 linker stubs
 *(.fini)
 *crtbegin.o(.ctors)
 *crtbegin?.o(.ctors)
 *(EXCLUDE_FILE(*crtend.o *crtend?.o) .ctors)
 *(SORT_BY_NAME(.ctors.*))
 *(.ctors)
 *crtbegin.o(.dtors)
 *crtbegin?.o(.dtors)
 *(EXCLUDE_FILE(*crtend.o *crtend?.o) .dtors)
 *(SORT_BY_NAME(.dtors.*))
 *(.dtors)
                0x10001750                        . = ALIGN (0x4)
                [!provide]                        PROVIDE (__bothinit_array_start = .)
                0x10001750                        PROVIDE (__preinit_array_start = .)
 *(SORT_BY_NAME(.preinit_array.*))
 .preinit_array.00100
                0x10001750        0x4 CMakeFiles/112_blink.dir/home/l3v/repo/pico/pico-sdk/src/rp2_common/pico_runtime_init/runtime_init.c.o
                0x10001750                __pre_init_runtime_init_early_resets
 .preinit_array.00101
                0x10001754        0x4 CMakeFiles/112_blink.dir/home/l3v/repo/pico/pico-sdk/src/rp2_common/pico_runtime_init/runtime_init.c.o
                0x10001754                __pre_init_runtime_init_usb_power_down
 .preinit_array.00275
                0x10001758        0x4 CMakeFiles/112_blink.dir/home/l3v/repo/pico/pico-sdk/src/rp2_common/pico_bit_ops/bit_ops_aeabi.S.o
 .preinit_array.00300
                0x1000175c        0x4 CMakeFiles/112_blink.dir/home/l3v/repo/pico/pico-sdk/src/rp2_common/pico_mem_ops/mem_ops_aeabi.S.o
 .preinit_array.00350
                0x10001760        0x4 CMakeFiles/112_blink.dir/home/l3v/repo/pico/pico-sdk/src/rp2_common/pico_double/double_aeabi_rp2040.S.o
 .preinit_array.00350
                0x10001764        0x4 CMakeFiles/112_blink.dir/home/l3v/repo/pico/pico-sdk/src/rp2_common/pico_float/float_aeabi_rp2040.S.o
 .preinit_array.00500
                0x10001768        0x4 CMakeFiles/112_blink.dir/home/l3v/repo/pico/pico-sdk/src/rp2_common/pico_runtime_init/runtime_init.c.o
                0x10001768                __pre_init_runtime_init_clocks
 .preinit_array.00600
                0x1000176c        0x4 CMakeFiles/112_blink.dir/home/l3v/repo/pico/pico-sdk/src/rp2_common/pico_runtime_init/runtime_init.c.o
                0x1000176c                __pre_init_runtime_init_post_clock_resets
 .preinit_array.00700
                0x10001770        0x4 CMakeFiles/112_blink.dir/home/l3v/repo/pico/pico-sdk/src/rp2_common/pico_runtime_init/runtime_init.c.o
                0x10001770                __pre_init_runtime_init_rp2040_gpio_ie_disable
 .preinit_array.01000
                0x10001774        0x4 CMakeFiles/112_blink.dir/home/l3v/repo/pico/pico-sdk/src/rp2_common/pico_runtime_init/runtime_init.c.o
                0x10001774                __pre_init_runtime_init_spin_locks_reset
 .preinit_array.01100
                0x10001778        0x4 CMakeFiles/112_blink.dir/home/l3v/repo/pico/pico-sdk/src/common/pico_sync/mutex.c.o
                0x10001778                __pre_init_runtime_init_mutex
 .preinit_array.10080
                0x1000177c        0x4 CMakeFiles/112_blink.dir/home/l3v/repo/pico/pico-sdk/src/rp2_common/pico_runtime_init/runtime_init.c.o
                0x1000177c                __pre_init_runtime_init_install_ram_vector_table
 .preinit_array.11000
                0x10001780        0x4 CMakeFiles/112_blink.dir/home/l3v/repo/pico/pico-sdk/src/common/pico_time/time.c.o
                0x10001780                __pre_init_runtime_init_default_alarm_pool
 .preinit_array.YYYYY
                0x10001784        0x4 CMakeFiles/112_blink.dir/home/l3v/repo/pico/pico-sdk/src/rp2_common/pico_runtime/runtime.c.o
                0x10001784                __pre_init_first_per_core_initializer
 .preinit_array.ZZZZZ.01200
                0x10001788        0x4 CMakeFiles/112_blink.dir/home/l3v/repo/pico/pico-sdk/src/rp2_common/hardware_irq/irq.c.o
                0x10001788                __pre_init_runtime_init_per_core_irq_priorities
 *(.preinit_array)
                0x1000178c                        PROVIDE (__preinit_array_end = .)
                0x1000178c                        . = ALIGN (0x4)
                0x1000178c                        PROVIDE (__init_array_start = .)
 *(SORT_BY_NAME(.init_array.*))
 *(.init_array)
                0x1000178c                        PROVIDE (__init_array_end = .)
                [!provide]                        PROVIDE (__bothinit_array_end = .)
                0x1000178c                        . = ALIGN (0x4)
                [!provide]                        PROVIDE (__fini_array_start = .)
 *(SORT_BY_NAME(.fini_array.*))
 *(.fini_array)
                [!provide]                        PROVIDE (__fini_array_end = .)
                [!provide]                        PROVIDE (__dso_handle = 0x0)
 *(.eh_frame*)
                0x1000178c                        . = ALIGN (0x4)

.glue_7         0x1000178c        0x0
 .glue_7        0x1000178c        0x0 linker stubs

.glue_7t        0x1000178c        0x0
 .glue_7t       0x1000178c        0x0 linker stubs

.vfp11_veneer   0x1000178c        0x0
 .vfp11_veneer  0x1000178c        0x0 linker stubs

.v4_bx          0x1000178c        0x0
 .v4_bx         0x1000178c        0x0 linker stubs

.iplt           0x1000178c        0x0
 .iplt          0x1000178c        0x0 CMakeFiles/112_blink.dir/main.c.o

.rodata         0x1000178c       0xd8
 *(EXCLUDE_FILE(*libm.a: *lib*_a-mem*.o *libc.a: *libgcc.a:) .rodata*)
 .rodata.panic.str1.4
                0x1000178c       0x80 CMakeFiles/112_blink.dir/home/l3v/repo/pico/pico-sdk/src/rp2_common/pico_platform_panic/panic.c.o
                                 0x11 (size before relaxing)
 .rodata.timer_hardware_alarm_claim.str1.4
                0x1000180c        0x0 CMakeFiles/112_blink.dir/home/l3v/repo/pico/pico-sdk/src/rp2_common/hardware_timer/timer.c.o
                                 0x22 (size before relaxing)
 .rodata.hard_assertion_failure.str1.4
                0x1000180c        0x0 CMakeFiles/112_blink.dir/home/l3v/repo/pico/pico-sdk/src/rp2_common/pico_runtime/runtime.c.o
                                  0xc (size before relaxing)
 .rodata.str1.4
                0x1000180c        0x0 CMakeFiles/112_blink.dir/home/l3v/repo/pico/pico-sdk/src/rp2_common/pico_standard_binary_info/standard_binary_info.c.o
                                 0x40 (size before relaxing)
 .rodata.__bi_84
                0x1000180c        0xc CMakeFiles/112_blink.dir/home/l3v/repo/pico/pico-sdk/src/rp2_common/pico_standard_binary_info/standard_binary_info.c.o
 .rodata.__bi_78
                0x10001818        0xc CMakeFiles/112_blink.dir/home/l3v/repo/pico/pico-sdk/src/rp2_common/pico_standard_binary_info/standard_binary_info.c.o
 .rodata.__bi_54
                0x10001824        0xc CMakeFiles/112_blink.dir/home/l3v/repo/pico/pico-sdk/src/rp2_common/pico_standard_binary_info/standard_binary_info.c.o
 .rodata.__bi_48
                0x10001830        0xc CMakeFiles/112_blink.dir/home/l3v/repo/pico/pico-sdk/src/rp2_common/pico_standard_binary_info/standard_binary_info.c.o
 .rodata.__bi_42
                0x1000183c        0xc CMakeFiles/112_blink.dir/home/l3v/repo/pico/pico-sdk/src/rp2_common/pico_standard_binary_info/standard_binary_info.c.o
 .rodata.__bi_34
                0x10001848        0xc CMakeFiles/112_blink.dir/home/l3v/repo/pico/pico-sdk/src/rp2_common/pico_standard_binary_info/standard_binary_info.c.o
 .rodata.__bi_26
                0x10001854        0xc CMakeFiles/112_blink.dir/home/l3v/repo/pico/pico-sdk/src/rp2_common/pico_standard_binary_info/standard_binary_info.c.o
 .rodata.crlf_str.0
                0x10001860        0x2 CMakeFiles/112_blink.dir/home/l3v/repo/pico/pico-sdk/src/rp2_common/pico_stdio/stdio.c.o
 *(.srodata*)
                0x10001864                        . = ALIGN (0x4)
 *fill*         0x10001862        0x2 
 *(SORT_BY_ALIGNMENT(SORT_BY_NAME(.flashdata*)))
                0x10001864                        . = ALIGN (0x4)

.ARM.extab
 *(.ARM.extab* .gnu.linkonce.armextab.*)
                0x10001864                        __exidx_start = .

.ARM.exidx
 *(.ARM.exidx* .gnu.linkonce.armexidx.*)
                0x10001864                        __exidx_end = .
                0x10001864                        . = ALIGN (0x4)
                0x10001864                        __binary_info_start = .

.binary_info    0x10001864       0x1c
 *(.binary_info.keep.*)
 .binary_info.keep.__bi_ptr84
                0x10001864        0x4 CMakeFiles/112_blink.dir/home/l3v/repo/pico/pico-sdk/src/rp2_common/pico_standard_binary_info/standard_binary_info.c.o
 .binary_info.keep.__bi_ptr78
                0x10001868        0x4 CMakeFiles/112_blink.dir/home/l3v/repo/pico/pico-sdk/src/rp2_common/pico_standard_binary_info/standard_binary_info.c.o
 .binary_info.keep.__bi_ptr54
                0x1000186c        0x4 CMakeFiles/112_blink.dir/home/l3v/repo/pico/pico-sdk/src/rp2_common/pico_standard_binary_info/standard_binary_info.c.o
 .binary_info.keep.__bi_ptr48
                0x10001870        0x4 CMakeFiles/112_blink.dir/home/l3v/repo/pico/pico-sdk/src/rp2_common/pico_standard_binary_info/standard_binary_info.c.o
 .binary_info.keep.__bi_ptr42
                0x10001874        0x4 CMakeFiles/112_blink.dir/home/l3v/repo/pico/pico-sdk/src/rp2_common/pico_standard_binary_info/standard_binary_info.c.o
 .binary_info.keep.__bi_ptr34
                0x10001878        0x4 CMakeFiles/112_blink.dir/home/l3v/repo/pico/pico-sdk/src/rp2_common/pico_standard_binary_info/standard_binary_info.c.o
 .binary_info.keep.__bi_ptr26
                0x1000187c        0x4 CMakeFiles/112_blink.dir/home/l3v/repo/pico/pico-sdk/src/rp2_common/pico_standard_binary_info/standard_binary_info.c.o
 *(.binary_info.*)
                0x10001880                        __binary_info_end = .
                0x10001880                        . = ALIGN (0x4)

.xip_ram        0x15000000        0x0 load address 0x10001880
                0x15000000                        __xip_ram_start__ = .
                0x15000000                        . = ALIGN (0x4)
 *(.xip_ram*)
                0x15000000                        . = ALIGN (0x4)
                0x15000000                        __xip_ram_end__ = .
                0x10001880                        __xip_ram_source__ = LOADADDR (.xip_ram)

.ram_vector_table
                0x20000000       0xc0
 *(.ram_vector_table)
 .ram_vector_table
                0x20000000       0xc0 CMakeFiles/112_blink.dir/home/l3v/repo/pico/pico-sdk/src/rp2_common/pico_runtime_init/runtime_init.c.o
                0x20000000                ram_vector_table

.uninitialized_data
                0x200000c0        0x0
                0x200000c0                        . = ALIGN (0x4)
 *(.uninitialized_data*)

.data           0x200000c0      0x168 load address 0x10001880
                0x200000c0                        __data_start__ = .
 *(vtable)
 *(.time_critical*)
 .time_critical.mutex_try_enter
                0x200000c0       0x40 CMakeFiles/112_blink.dir/home/l3v/repo/pico/pico-sdk/src/common/pico_sync/mutex.c.o
                0x200000c0                mutex_try_enter
 .time_critical.mutex_enter_block_until
                0x20000100       0x64 CMakeFiles/112_blink.dir/home/l3v/repo/pico/pico-sdk/src/common/pico_sync/mutex.c.o
                0x20000100                mutex_enter_block_until
 .time_critical.mutex_try_enter_block_until
                0x20000164       0x34 CMakeFiles/112_blink.dir/home/l3v/repo/pico/pico-sdk/src/common/pico_sync/mutex.c.o
                0x20000164                mutex_try_enter_block_until
 .time_critical.mutex_exit
                0x20000198       0x28 CMakeFiles/112_blink.dir/home/l3v/repo/pico/pico-sdk/src/common/pico_sync/mutex.c.o
                0x20000198                mutex_exit
 *(.text*)
 .text          0x200001c0        0x4 /usr/lib/gcc/arm-none-eabi/15.2.0/thumb/v6-m/nofp/libgcc.a(_dvmd_tls.o)
                0x200001c0                __aeabi_ldiv0
                0x200001c0                __aeabi_idiv0
 *fill*         0x200001c4        0x4 
 .text.__stub   0x200001c8       0x10 linker stubs
                0x200001d8                        . = ALIGN (0x4)
 *(.rodata*)
                0x200001d8                        . = ALIGN (0x4)
                0x200001d8                        PROVIDE (__emutls_array_start = .)
 *(.*.__emutls_v.*)
                0x200001d8                        PROVIDE (__emutls_array_end = .)
                0x200001d8                        . = ALIGN (0x4)
 *(.data*)
 .data.striped_spin_lock_num
                0x200001d8        0x1 CMakeFiles/112_blink.dir/home/l3v/repo/pico/pico-sdk/src/rp2_common/hardware_sync/sync.c.o
 *fill*         0x200001d9        0x7 
 .data.last_added.0
                0x200001e0        0x8 CMakeFiles/112_blink.dir/home/l3v/repo/pico/pico-sdk/src/common/pico_time/time.c.o
 .data.default_alarm_pool
                0x200001e8       0x18 CMakeFiles/112_blink.dir/home/l3v/repo/pico/pico-sdk/src/common/pico_time/time.c.o
 *fill*         0x20000200        0x0 
 .data.aeabi_bits_funcs
                0x20000200       0x10 CMakeFiles/112_blink.dir/home/l3v/repo/pico/pico-sdk/src/rp2_common/pico_bit_ops/bit_ops_aeabi.S.o
                0x20000200                aeabi_bits_funcs
                0x20000210                aeabi_bits_funcs_end
 .data.aeabi_mem_funcs
                0x20000210       0x10 CMakeFiles/112_blink.dir/home/l3v/repo/pico/pico-sdk/src/rp2_common/pico_mem_ops/mem_ops_aeabi.S.o
                0x20000210                aeabi_mem_funcs
                0x20000220                aeabi_mem_funcs_end
 *(.sdata*)
                0x20000220                        . = ALIGN (0x4)
 *(.after_data.*)
                0x20000220                        . = ALIGN (0x4)
                0x20000220                        PROVIDE (__mutex_array_start = .)
 *(SORT_BY_NAME(.mutex_array.*))
 *(.mutex_array)
 .mutex_array   0x20000220        0x8 CMakeFiles/112_blink.dir/home/l3v/repo/pico/pico-sdk/src/rp2_common/pico_stdio/stdio.c.o
                0x20000228                        PROVIDE (__mutex_array_end = .)
 *(.jcr)
                0x20000228                        . = ALIGN (0x4)

.igot.plt       0x20000228        0x0 load address 0x100019e8
 .igot.plt      0x20000228        0x0 CMakeFiles/112_blink.dir/main.c.o

.tdata          0x20000228        0x0 load address 0x100019e8
                0x20000228                        . = ALIGN (0x4)
 *(.tdata .tdata.* .gnu.linkonce.td.*)
                0x20000228                        __tdata_end = .
                0x20000228                        PROVIDE (__data_end__ = .)
                0x10001880                        __etext = LOADADDR (.data)
                0x20000228                        . = ALIGN (0x4)

.tbss           0x20000228        0x0 load address 0x100019e8
                0x20000228                        __bss_start__ = .
                0x20000228                        __tls_base = .
 *(.tbss .tbss.* .gnu.linkonce.tb.*)
 *(.tcommon)
                0x20000228                        . = ALIGN (0x4)
                0x20000228                        __tls_end = .

.tbss_space     0x20000228        0x0 load address 0x100019e8
                0x20000228                        . = (__bss_start__ + SIZEOF (.tbss))

.bss            0x20000228      0x3d0 load address 0x100019e8
                0x20000228                        . = ALIGN (0x4)
                0x20000228                        __tbss_end = .
 *(SORT_BY_ALIGNMENT(SORT_BY_NAME(.bss*)))
 .bss.default_alarm_pool_entries
                0x20000228      0x180 CMakeFiles/112_blink.dir/home/l3v/repo/pico/pico-sdk/src/common/pico_time/time.c.o
 .bss.sd_table  0x200003a8      0x100 CMakeFiles/112_blink.dir/home/l3v/repo/pico/pico-sdk/src/rp2_common/pico_double/double_init_rom_rp2040.c.o
                0x200003a8                sd_table
 .bss.sf_table  0x200004a8      0x100 CMakeFiles/112_blink.dir/home/l3v/repo/pico/pico-sdk/src/rp2_common/pico_float/float_init_rom_rp2040.c.o
                0x200004a8                sf_table
 .bss.claimed   0x200005a8        0x1 CMakeFiles/112_blink.dir/home/l3v/repo/pico/pico-sdk/src/rp2_common/hardware_timer/timer.c.o
 *fill*         0x200005a9        0x3 
 .bss.configured_freq
                0x200005ac       0x28 CMakeFiles/112_blink.dir/home/l3v/repo/pico/pico-sdk/src/rp2_common/hardware_clocks/clocks.c.o
 .bss.drivers   0x200005d4        0x4 CMakeFiles/112_blink.dir/home/l3v/repo/pico/pico-sdk/src/rp2_common/pico_stdio/stdio.c.o
 .bss.filter    0x200005d8        0x4 CMakeFiles/112_blink.dir/home/l3v/repo/pico/pico-sdk/src/rp2_common/pico_stdio/stdio.c.o
 .bss.lazy_vsnprintf
                0x200005dc        0x4 CMakeFiles/112_blink.dir/home/l3v/repo/pico/pico-sdk/src/rp2_common/pico_printf/printf.c.o
 .bss.pools     0x200005e0       0x10 CMakeFiles/112_blink.dir/home/l3v/repo/pico/pico-sdk/src/common/pico_time/time.c.o
 .bss.sf_clz_func
                0x200005f0        0x4 CMakeFiles/112_blink.dir/home/l3v/repo/pico/pico-sdk/src/rp2_common/pico_double/double_init_rom_rp2040.c.o
                0x200005f0                sf_clz_func
 .bss.sleep_notifier
                0x200005f4        0x4 CMakeFiles/112_blink.dir/home/l3v/repo/pico/pico-sdk/src/common/pico_time/time.c.o
 *(COMMON)
                [!provide]                        PROVIDE (__global_pointer$ = (. + 0x800))
 *(.sbss*)
                0x200005f8                        . = ALIGN (0x4)
                0x200005f8                        __bss_end__ = .
                [!provide]                        PROVIDE (__tls_start = SIZEOF (.tdata)?ADDR (.tdata):ADDR (.tbss))
                [!provide]                        PROVIDE (__tls_size = (__tls_end - __tls_start))
                [!provide]                        PROVIDE (__tls_align = MAX (ALIGNOF (.tdata), ALIGNOF (.tbss)))
                [!provide]                        PROVIDE (__tls_size_align = ALIGN (__tls_size, __tls_align))
                [!provide]                        PROVIDE (__arm32_tls_tcb_offset = MAX (0x8, __tls_align))
                [!provide]                        PROVIDE (__tdata_size = SIZEOF (.tdata))
                [!provide]                        PROVIDE (__tdata_source = LOADADDR (.tdata))
                [!provide]                        PROVIDE (__tbss_size = SIZEOF (.tbss))
                [!provide]                        PROVIDE (__tbss_offset = (ADDR (.tbss) - __tls_start))

.tlsX_not_needed_marker
 *(.tlsX_not_needed_marker)
                [!provide]                        PROVIDE (__tlsX_align = (SIZEOF (.tlsX_not_needed_marker) > 0x0)?0x4:__tls_align)
                [!provide]                        PROVIDE (__tlsX_size_align = (SIZEOF (.tlsX_not_needed_marker) > 0x0)?0x0:__tls_size_align)
                0x20000228                        __tls_start = DEFINED (__tls_start)?__tls_start:SIZEOF (.tdata)?ADDR (.tdata):ADDR (.tbss)
                0x00000000                        __tls_size = DEFINED (__tls_size)?__tls_size:(__tls_end - __tls_start)
                0x00000001                        __tls_align = DEFINED (__tls_align)?__tls_align:MAX (ALIGNOF (.tdata), ALIGNOF (.tbss))
                0x00000000                        __tls_size_align = DEFINED (__tls_size_align)?__tls_size_align:ALIGN (__tls_size, __tls_align)
                0x00000008                        __arm32_tls_tcb_offset = DEFINED (__arm32_tls_tcb_offset)?__arm32_tls_tcb_offset:MAX (0x8, __tls_align)
                0x00000000                        __tdata_size = DEFINED (__tdata_size)?__tdata_size:SIZEOF (.tdata)
                0x100019e8                        __tdata_source = DEFINED (__tdata_source)?__tdata_source:LOADADDR (.tdata)
                0x00000000                        __tbss_size = DEFINED (__tbss_size)?__tbss_size:SIZEOF (.tbss)
                0x00000000                        __tbss_offset = DEFINED (__tbss_offset)?__tbss_offset:(ADDR (.tbss) - __tls_start)
                0x00000001                        __tlsX_align = DEFINED (__tlsX_align)?__tlsX_align:(SIZEOF (.tlsX_not_needed_marker) > 0x0)?0x4:__tls_align
                0x00000000                        __tlsX_size_align = DEFINED (__tlsX_size_align)?__tlsX_size_align:(SIZEOF (.tlsX_not_needed_marker) > 0x0)?0x0:__tls_size_align

.tls0           0x200005f8        0x0 load address 0x100019e8
                0x200005f8                        . = ALIGN (__tlsX_align)
                [!provide]                        PROVIDE (__tls0_base = .)
                0x200005f8                        . = (. + __tlsX_size_align)

.tls1           0x200005f8        0x0 load address 0x100019e8
                0x200005f8                        . = ALIGN (__tlsX_align)
                [!provide]                        PROVIDE (__tls1_base = .)
                0x200005f8                        . = (. + __tlsX_size_align)

.persistent_data
                0x200005f8        0x0 load address 0x100019e8
                0x200005f8                        __persistent_data_start__ = .
 *(.persistent_data*)
                0x200005f8                        . = ALIGN (0x4)
                [!provide]                        PROVIDE (__persistent_data_end__ = .)

.dummy_pre_heap
                0x200005f8        0x0 load address 0x100019e8
                0x200005f8                        . = .

.heap           0x200005f8      0x800
                0x200005f8                        __end__ = .
                0x200005f8                        end = __end__
 *(.heap*)
 .heap          0x200005f8      0x800 CMakeFiles/112_blink.dir/home/l3v/repo/pico/pico-sdk/src/rp2_common/pico_crt0/crt0.S.o
                0x20040000                        __HeapLimit = DEFINED (HEAP_LIMIT)?HEAP_LIMIT:(ORIGIN (RAM) + LENGTH (RAM))

.scratch_x      0x20040000        0x0 load address 0x100019e8
                0x20040000                        __scratch_x_start__ = .
 *(.scratch_x.*)
                0x20040000                        . = ALIGN (0x4)
                0x20040000                        __scratch_x_end__ = .
                0x100019e8                        __scratch_x_source__ = LOADADDR (.scratch_x)

.scratch_y      0x20041000        0x0 load address 0x100019e8
                0x20041000                        __scratch_y_start__ = .
 *(.scratch_y.*)
                0x20041000                        . = ALIGN (0x4)
                0x20041000                        __scratch_y_end__ = .
                0x100019e8                        __scratch_y_source__ = LOADADDR (.scratch_y)

.stack1_dummy
 *(.stack1*)

.stack_dummy    0x20041000      0x800
 *(.stack*)
 .stack         0x20041000      0x800 CMakeFiles/112_blink.dir/home/l3v/repo/pico/pico-sdk/src/rp2_common/pico_crt0/crt0.S.o

.rel.dyn        0x20041800        0x0
 .rel.iplt      0x20041800        0x0 CMakeFiles/112_blink.dir/main.c.o

.flash_end      0x100019e8        0x0
 *(.embedded_end_block*)
                0x100019e8                        PROVIDE (__flash_binary_end = .)
                0x20040000                        __StackLimit = (ORIGIN (RAM) + LENGTH (RAM))
                0x20041000                        __StackOneTop = (ORIGIN (SCRATCH_X) + LENGTH (SCRATCH_X))
                0x20042000                        __StackTop = (ORIGIN (SCRATCH_Y) + LENGTH (SCRATCH_Y))
                0x20041000                        __StackOneBottom = (__StackOneTop - SIZEOF (.stack1_dummy))
                0x20041800                        __StackBottom = (__StackTop - SIZEOF (.stack_dummy))
                [!provide]                        PROVIDE (__stack = __StackTop)
                [!provide]                        PROVIDE (__heap_start = __end__)
                [!provide]                        PROVIDE (__heap_end = __HeapLimit)
                [!provide]                        PROVIDE (__tls_align = MAX (ALIGNOF (.tdata), ALIGNOF (.tbss)))
                [!provide]                        PROVIDE (__tls_size_align = (((__tls_size + __tls_align) - 0x1) & ~ ((__tls_align - 0x1))))
                [!provide]                        PROVIDE (__arm32_tls_tcb_offset = MAX (0x8, __tls_align))
                [!provide]                        PROVIDE (_end = __end__)
                [!provide]                        PROVIDE (__llvm_libc_heap_limit = __HeapLimit)
                0x00000001                        ASSERT ((__StackLimit >= __HeapLimit), region RAM overflowed)
                0x00000001                        ASSERT (((__binary_info_header_end - __logical_binary_start) <= 0x100), Binary info must be in first 256 bytes of the binary)
OUTPUT(112_blink.elf elf32-littlearm)
LOAD linker stubs

.debug_info     0x00000000    0x19d78
 .debug_info    0x00000000      0x8a3 CMakeFiles/112_blink.dir/main.c.o
 .debug_info    0x000008a3     0x2365 CMakeFiles/112_blink.dir/home/l3v/repo/pico/pico-sdk/src/rp2_common/hardware_gpio/gpio.c.o
 .debug_info    0x00002c08      0x1c4 CMakeFiles/112_blink.dir/home/l3v/repo/pico/pico-sdk/src/rp2_common/pico_platform_panic/panic.c.o
 .debug_info    0x00002dcc      0x98a CMakeFiles/112_blink.dir/home/l3v/repo/pico/pico-sdk/src/common/hardware_claim/claim.c.o
 .debug_info    0x00003756      0x460 CMakeFiles/112_blink.dir/home/l3v/repo/pico/pico-sdk/src/rp2_common/hardware_sync/sync.c.o
 .debug_info    0x00003bb6      0x248 CMakeFiles/112_blink.dir/home/l3v/repo/pico/pico-sdk/src/rp2_common/hardware_sync_spin_lock/sync_spin_lock.c.o
 .debug_info    0x00003dfe     0x224f CMakeFiles/112_blink.dir/home/l3v/repo/pico/pico-sdk/src/rp2_common/hardware_irq/irq.c.o
 .debug_info    0x0000604d      0x166 CMakeFiles/112_blink.dir/home/l3v/repo/pico/pico-sdk/src/common/pico_sync/lock_core.c.o
 .debug_info    0x000061b3     0x1b93 CMakeFiles/112_blink.dir/home/l3v/repo/pico/pico-sdk/src/common/pico_sync/mutex.c.o
 .debug_info    0x00007d46     0x4f81 CMakeFiles/112_blink.dir/home/l3v/repo/pico/pico-sdk/src/common/pico_time/time.c.o
 .debug_info    0x0000ccc7     0x2aa7 CMakeFiles/112_blink.dir/home/l3v/repo/pico/pico-sdk/src/rp2_common/hardware_timer/timer.c.o
 .debug_info    0x0000f76e     0x2e9b CMakeFiles/112_blink.dir/home/l3v/repo/pico/pico-sdk/src/rp2_common/hardware_clocks/clocks.c.o
 .debug_info    0x00012609      0x501 CMakeFiles/112_blink.dir/home/l3v/repo/pico/pico-sdk/src/rp2_common/hardware_pll/pll.c.o
 .debug_info    0x00012b0a      0x24d CMakeFiles/112_blink.dir/home/l3v/repo/pico/pico-sdk/src/rp2_common/hardware_ticks/ticks.c.o
 .debug_info    0x00012d57      0x65f CMakeFiles/112_blink.dir/home/l3v/repo/pico/pico-sdk/src/rp2_common/pico_bootrom/bootrom.c.o
 .debug_info    0x000133b6      0x1d5 CMakeFiles/112_blink.dir/home/l3v/repo/pico/pico-sdk/src/rp2_common/hardware_xosc/xosc.c.o
 .debug_info    0x0001358b      0x20b CMakeFiles/112_blink.dir/home/l3v/repo/pico/pico-sdk/src/rp2_common/pico_runtime/runtime.c.o
 .debug_info    0x00013796      0x7ef CMakeFiles/112_blink.dir/home/l3v/repo/pico/pico-sdk/src/rp2_common/pico_runtime_init/runtime_init.c.o
 .debug_info    0x00013f85      0x786 CMakeFiles/112_blink.dir/home/l3v/repo/pico/pico-sdk/src/rp2_common/pico_runtime_init/runtime_init_clocks.c.o
 .debug_info    0x0001470b       0x23 CMakeFiles/112_blink.dir/home/l3v/repo/pico/pico-sdk/src/rp2_common/pico_bit_ops/bit_ops_aeabi.S.o
 .debug_info    0x0001472e       0x23 CMakeFiles/112_blink.dir/home/l3v/repo/pico/pico-sdk/src/rp2_common/pico_divider/divider_hardware.S.o
 .debug_info    0x00014751       0x23 CMakeFiles/112_blink.dir/home/l3v/repo/pico/pico-sdk/src/rp2_common/pico_double/double_aeabi_rp2040.S.o
 .debug_info    0x00014774      0x291 CMakeFiles/112_blink.dir/home/l3v/repo/pico/pico-sdk/src/rp2_common/pico_double/double_init_rom_rp2040.c.o
 .debug_info    0x00014a05       0x23 CMakeFiles/112_blink.dir/home/l3v/repo/pico/pico-sdk/src/rp2_common/pico_double/double_v1_rom_shim_rp2040.S.o
 .debug_info    0x00014a28       0x24 CMakeFiles/112_blink.dir/home/l3v/repo/pico/pico-sdk/src/rp2_common/pico_int64_ops/pico_int64_ops_aeabi.S.o
 .debug_info    0x00014a4c       0x23 CMakeFiles/112_blink.dir/home/l3v/repo/pico/pico-sdk/src/rp2_common/pico_float/float_aeabi_rp2040.S.o
 .debug_info    0x00014a6f      0x291 CMakeFiles/112_blink.dir/home/l3v/repo/pico/pico-sdk/src/rp2_common/pico_float/float_init_rom_rp2040.c.o
 .debug_info    0x00014d00       0x23 CMakeFiles/112_blink.dir/home/l3v/repo/pico/pico-sdk/src/rp2_common/pico_float/float_v1_rom_shim_rp2040.S.o
 .debug_info    0x00014d23       0x23 CMakeFiles/112_blink.dir/home/l3v/repo/pico/pico-sdk/src/rp2_common/pico_mem_ops/mem_ops_aeabi.S.o
 .debug_info    0x00014d46      0x2b1 CMakeFiles/112_blink.dir/home/l3v/repo/pico/pico-sdk/src/rp2_common/pico_standard_binary_info/standard_binary_info.c.o
 .debug_info    0x00014ff7     0x230c CMakeFiles/112_blink.dir/home/l3v/repo/pico/pico-sdk/src/rp2_common/pico_printf/printf.c.o
 .debug_info    0x00017303       0x23 CMakeFiles/112_blink.dir/home/l3v/repo/pico/pico-sdk/src/rp2_common/pico_crt0/crt0.S.o
 .debug_info    0x00017326      0xbba CMakeFiles/112_blink.dir/home/l3v/repo/pico/pico-sdk/src/rp2_common/pico_clib_interface/newlib_interface.c.o
 .debug_info    0x00017ee0     0x1d6c CMakeFiles/112_blink.dir/home/l3v/repo/pico/pico-sdk/src/rp2_common/pico_stdio/stdio.c.o
 .debug_info    0x00019c4c       0x3c /usr/lib/gcc/arm-none-eabi/15.2.0/thumb/v6-m/nofp/libgcc.a(_dvmd_tls.o)
 .debug_info    0x00019c88       0xf0 /usr/lib/gcc/arm-none-eabi/15.2.0/../../../../arm-none-eabi/lib/thumb/v6-m/nofp/libg.a(libc_a-strlen-stub.o)

.debug_abbrev   0x00000000     0x4b2f
 .debug_abbrev  0x00000000      0x1d6 CMakeFiles/112_blink.dir/main.c.o
 .debug_abbrev  0x000001d6      0x4e1 CMakeFiles/112_blink.dir/home/l3v/repo/pico/pico-sdk/src/rp2_common/hardware_gpio/gpio.c.o
 .debug_abbrev  0x000006b7      0x131 CMakeFiles/112_blink.dir/home/l3v/repo/pico/pico-sdk/src/rp2_common/pico_platform_panic/panic.c.o
 .debug_abbrev  0x000007e8      0x328 CMakeFiles/112_blink.dir/home/l3v/repo/pico/pico-sdk/src/common/hardware_claim/claim.c.o
 .debug_abbrev  0x00000b10      0x218 CMakeFiles/112_blink.dir/home/l3v/repo/pico/pico-sdk/src/rp2_common/hardware_sync/sync.c.o
 .debug_abbrev  0x00000d28      0x1b4 CMakeFiles/112_blink.dir/home/l3v/repo/pico/pico-sdk/src/rp2_common/hardware_sync_spin_lock/sync_spin_lock.c.o
 .debug_abbrev  0x00000edc      0x608 CMakeFiles/112_blink.dir/home/l3v/repo/pico/pico-sdk/src/rp2_common/hardware_irq/irq.c.o
 .debug_abbrev  0x000014e4       0xf4 CMakeFiles/112_blink.dir/home/l3v/repo/pico/pico-sdk/src/common/pico_sync/lock_core.c.o
 .debug_abbrev  0x000015d8      0x459 CMakeFiles/112_blink.dir/home/l3v/repo/pico/pico-sdk/src/common/pico_sync/mutex.c.o
 .debug_abbrev  0x00001a31      0x683 CMakeFiles/112_blink.dir/home/l3v/repo/pico/pico-sdk/src/common/pico_time/time.c.o
 .debug_abbrev  0x000020b4      0x4fb CMakeFiles/112_blink.dir/home/l3v/repo/pico/pico-sdk/src/rp2_common/hardware_timer/timer.c.o
 .debug_abbrev  0x000025af      0x574 CMakeFiles/112_blink.dir/home/l3v/repo/pico/pico-sdk/src/rp2_common/hardware_clocks/clocks.c.o
 .debug_abbrev  0x00002b23      0x1dc CMakeFiles/112_blink.dir/home/l3v/repo/pico/pico-sdk/src/rp2_common/hardware_pll/pll.c.o
 .debug_abbrev  0x00002cff      0x14b CMakeFiles/112_blink.dir/home/l3v/repo/pico/pico-sdk/src/rp2_common/hardware_ticks/ticks.c.o
 .debug_abbrev  0x00002e4a      0x1c2 CMakeFiles/112_blink.dir/home/l3v/repo/pico/pico-sdk/src/rp2_common/pico_bootrom/bootrom.c.o
 .debug_abbrev  0x0000300c      0x123 CMakeFiles/112_blink.dir/home/l3v/repo/pico/pico-sdk/src/rp2_common/hardware_xosc/xosc.c.o
 .debug_abbrev  0x0000312f      0x179 CMakeFiles/112_blink.dir/home/l3v/repo/pico/pico-sdk/src/rp2_common/pico_runtime/runtime.c.o
 .debug_abbrev  0x000032a8      0x271 CMakeFiles/112_blink.dir/home/l3v/repo/pico/pico-sdk/src/rp2_common/pico_runtime_init/runtime_init.c.o
 .debug_abbrev  0x00003519      0x2b5 CMakeFiles/112_blink.dir/home/l3v/repo/pico/pico-sdk/src/rp2_common/pico_runtime_init/runtime_init_clocks.c.o
 .debug_abbrev  0x000037ce       0x12 CMakeFiles/112_blink.dir/home/l3v/repo/pico/pico-sdk/src/rp2_common/pico_bit_ops/bit_ops_aeabi.S.o
 .debug_abbrev  0x000037e0       0x12 CMakeFiles/112_blink.dir/home/l3v/repo/pico/pico-sdk/src/rp2_common/pico_divider/divider_hardware.S.o
 .debug_abbrev  0x000037f2       0x12 CMakeFiles/112_blink.dir/home/l3v/repo/pico/pico-sdk/src/rp2_common/pico_double/double_aeabi_rp2040.S.o
 .debug_abbrev  0x00003804      0x180 CMakeFiles/112_blink.dir/home/l3v/repo/pico/pico-sdk/src/rp2_common/pico_double/double_init_rom_rp2040.c.o
 .debug_abbrev  0x00003984       0x12 CMakeFiles/112_blink.dir/home/l3v/repo/pico/pico-sdk/src/rp2_common/pico_double/double_v1_rom_shim_rp2040.S.o
 .debug_abbrev  0x00003996       0x14 CMakeFiles/112_blink.dir/home/l3v/repo/pico/pico-sdk/src/rp2_common/pico_int64_ops/pico_int64_ops_aeabi.S.o
 .debug_abbrev  0x000039aa       0x12 CMakeFiles/112_blink.dir/home/l3v/repo/pico/pico-sdk/src/rp2_common/pico_float/float_aeabi_rp2040.S.o
 .debug_abbrev  0x000039bc      0x179 CMakeFiles/112_blink.dir/home/l3v/repo/pico/pico-sdk/src/rp2_common/pico_float/float_init_rom_rp2040.c.o
 .debug_abbrev  0x00003b35       0x12 CMakeFiles/112_blink.dir/home/l3v/repo/pico/pico-sdk/src/rp2_common/pico_float/float_v1_rom_shim_rp2040.S.o
 .debug_abbrev  0x00003b47       0x12 CMakeFiles/112_blink.dir/home/l3v/repo/pico/pico-sdk/src/rp2_common/pico_mem_ops/mem_ops_aeabi.S.o
 .debug_abbrev  0x00003b59       0xbe CMakeFiles/112_blink.dir/home/l3v/repo/pico/pico-sdk/src/rp2_common/pico_standard_binary_info/standard_binary_info.c.o
 .debug_abbrev  0x00003c17      0x4f5 CMakeFiles/112_blink.dir/home/l3v/repo/pico/pico-sdk/src/rp2_common/pico_printf/printf.c.o
 .debug_abbrev  0x0000410c       0x12 CMakeFiles/112_blink.dir/home/l3v/repo/pico/pico-sdk/src/rp2_common/pico_crt0/crt0.S.o
 .debug_abbrev  0x0000411e      0x365 CMakeFiles/112_blink.dir/home/l3v/repo/pico/pico-sdk/src/rp2_common/pico_clib_interface/newlib_interface.c.o
 .debug_abbrev  0x00004483      0x5f0 CMakeFiles/112_blink.dir/home/l3v/repo/pico/pico-sdk/src/rp2_common/pico_stdio/stdio.c.o
 .debug_abbrev  0x00004a73       0x26 /usr/lib/gcc/arm-none-eabi/15.2.0/thumb/v6-m/nofp/libgcc.a(_dvmd_tls.o)
 .debug_abbrev  0x00004a99       0x96 /usr/lib/gcc/arm-none-eabi/15.2.0/../../../../arm-none-eabi/lib/thumb/v6-m/nofp/libg.a(libc_a-strlen-stub.o)

.debug_loclists
                0x00000000     0xf240
 .debug_loclists
                0x00000000       0xa8 CMakeFiles/112_blink.dir/main.c.o
 .debug_loclists
                0x000000a8     0x1997 CMakeFiles/112_blink.dir/home/l3v/repo/pico/pico-sdk/src/rp2_common/hardware_gpio/gpio.c.o
 .debug_loclists
                0x00001a3f      0x36d CMakeFiles/112_blink.dir/home/l3v/repo/pico/pico-sdk/src/common/hardware_claim/claim.c.o
 .debug_loclists
                0x00001dac      0x101 CMakeFiles/112_blink.dir/home/l3v/repo/pico/pico-sdk/src/rp2_common/hardware_sync/sync.c.o
 .debug_loclists
                0x00001ead       0x7d CMakeFiles/112_blink.dir/home/l3v/repo/pico/pico-sdk/src/rp2_common/hardware_sync_spin_lock/sync_spin_lock.c.o
 .debug_loclists
                0x00001f2a     0x101f CMakeFiles/112_blink.dir/home/l3v/repo/pico/pico-sdk/src/rp2_common/hardware_irq/irq.c.o
 .debug_loclists
                0x00002f49       0x41 CMakeFiles/112_blink.dir/home/l3v/repo/pico/pico-sdk/src/common/pico_sync/lock_core.c.o
 .debug_loclists
                0x00002f8a      0x704 CMakeFiles/112_blink.dir/home/l3v/repo/pico/pico-sdk/src/common/pico_sync/mutex.c.o
 .debug_loclists
                0x0000368e     0x294c CMakeFiles/112_blink.dir/home/l3v/repo/pico/pico-sdk/src/common/pico_time/time.c.o
 .debug_loclists
                0x00005fda     0x18f6 CMakeFiles/112_blink.dir/home/l3v/repo/pico/pico-sdk/src/rp2_common/hardware_timer/timer.c.o
 .debug_loclists
                0x000078d0     0x2d7e CMakeFiles/112_blink.dir/home/l3v/repo/pico/pico-sdk/src/rp2_common/hardware_clocks/clocks.c.o
 .debug_loclists
                0x0000a64e      0x1cf CMakeFiles/112_blink.dir/home/l3v/repo/pico/pico-sdk/src/rp2_common/hardware_pll/pll.c.o
 .debug_loclists
                0x0000a81d       0x47 CMakeFiles/112_blink.dir/home/l3v/repo/pico/pico-sdk/src/rp2_common/hardware_ticks/ticks.c.o
 .debug_loclists
                0x0000a864      0x351 CMakeFiles/112_blink.dir/home/l3v/repo/pico/pico-sdk/src/rp2_common/pico_bootrom/bootrom.c.o
 .debug_loclists
                0x0000abb5       0x48 CMakeFiles/112_blink.dir/home/l3v/repo/pico/pico-sdk/src/rp2_common/hardware_xosc/xosc.c.o
 .debug_loclists
                0x0000abfd       0x7e CMakeFiles/112_blink.dir/home/l3v/repo/pico/pico-sdk/src/rp2_common/pico_runtime/runtime.c.o
 .debug_loclists
                0x0000ac7b      0x14f CMakeFiles/112_blink.dir/home/l3v/repo/pico/pico-sdk/src/rp2_common/pico_runtime_init/runtime_init.c.o
 .debug_loclists
                0x0000adca       0x69 CMakeFiles/112_blink.dir/home/l3v/repo/pico/pico-sdk/src/rp2_common/pico_runtime_init/runtime_init_clocks.c.o
 .debug_loclists
                0x0000ae33       0x3d CMakeFiles/112_blink.dir/home/l3v/repo/pico/pico-sdk/src/rp2_common/pico_double/double_init_rom_rp2040.c.o
 .debug_loclists
                0x0000ae70       0x59 CMakeFiles/112_blink.dir/home/l3v/repo/pico/pico-sdk/src/rp2_common/pico_float/float_init_rom_rp2040.c.o
 .debug_loclists
                0x0000aec9     0x3100 CMakeFiles/112_blink.dir/home/l3v/repo/pico/pico-sdk/src/rp2_common/pico_printf/printf.c.o
 .debug_loclists
                0x0000dfc9      0x419 CMakeFiles/112_blink.dir/home/l3v/repo/pico/pico-sdk/src/rp2_common/pico_clib_interface/newlib_interface.c.o
 .debug_loclists
                0x0000e3e2      0xdfc CMakeFiles/112_blink.dir/home/l3v/repo/pico/pico-sdk/src/rp2_common/pico_stdio/stdio.c.o
 .debug_loclists
                0x0000f1de       0x62 /usr/lib/gcc/arm-none-eabi/15.2.0/../../../../arm-none-eabi/lib/thumb/v6-m/nofp/libg.a(libc_a-strlen-stub.o)

.debug_aranges  0x00000000      0xee8
 .debug_aranges
                0x00000000       0x20 CMakeFiles/112_blink.dir/main.c.o
 .debug_aranges
                0x00000020      0x110 CMakeFiles/112_blink.dir/home/l3v/repo/pico/pico-sdk/src/rp2_common/hardware_gpio/gpio.c.o
 .debug_aranges
                0x00000130       0x28 CMakeFiles/112_blink.dir/home/l3v/repo/pico/pico-sdk/src/rp2_common/pico_platform_panic/panic.c.o
 .debug_aranges
                0x00000158       0x48 CMakeFiles/112_blink.dir/home/l3v/repo/pico/pico-sdk/src/common/hardware_claim/claim.c.o
 .debug_aranges
                0x000001a0       0x48 CMakeFiles/112_blink.dir/home/l3v/repo/pico/pico-sdk/src/rp2_common/hardware_sync/sync.c.o
 .debug_aranges
                0x000001e8       0x28 CMakeFiles/112_blink.dir/home/l3v/repo/pico/pico-sdk/src/rp2_common/hardware_sync_spin_lock/sync_spin_lock.c.o
 .debug_aranges
                0x00000210       0xc8 CMakeFiles/112_blink.dir/home/l3v/repo/pico/pico-sdk/src/rp2_common/hardware_irq/irq.c.o
 .debug_aranges
                0x000002d8       0x20 CMakeFiles/112_blink.dir/home/l3v/repo/pico/pico-sdk/src/common/pico_sync/lock_core.c.o
 .debug_aranges
                0x000002f8       0x98 CMakeFiles/112_blink.dir/home/l3v/repo/pico/pico-sdk/src/common/pico_sync/mutex.c.o
 .debug_aranges
                0x00000390       0xe0 CMakeFiles/112_blink.dir/home/l3v/repo/pico/pico-sdk/src/common/pico_time/time.c.o
 .debug_aranges
                0x00000470       0xf0 CMakeFiles/112_blink.dir/home/l3v/repo/pico/pico-sdk/src/rp2_common/hardware_timer/timer.c.o
 .debug_aranges
                0x00000560       0xb0 CMakeFiles/112_blink.dir/home/l3v/repo/pico/pico-sdk/src/rp2_common/hardware_clocks/clocks.c.o
 .debug_aranges
                0x00000610       0x28 CMakeFiles/112_blink.dir/home/l3v/repo/pico/pico-sdk/src/rp2_common/hardware_pll/pll.c.o
 .debug_aranges
                0x00000638       0x30 CMakeFiles/112_blink.dir/home/l3v/repo/pico/pico-sdk/src/rp2_common/hardware_ticks/ticks.c.o
 .debug_aranges
                0x00000668       0x40 CMakeFiles/112_blink.dir/home/l3v/repo/pico/pico-sdk/src/rp2_common/pico_bootrom/bootrom.c.o
 .debug_aranges
                0x000006a8       0x30 CMakeFiles/112_blink.dir/home/l3v/repo/pico/pico-sdk/src/rp2_common/hardware_xosc/xosc.c.o
 .debug_aranges
                0x000006d8       0x38 CMakeFiles/112_blink.dir/home/l3v/repo/pico/pico-sdk/src/rp2_common/pico_runtime/runtime.c.o
 .debug_aranges
                0x00000710       0x48 CMakeFiles/112_blink.dir/home/l3v/repo/pico/pico-sdk/src/rp2_common/pico_runtime_init/runtime_init.c.o
 .debug_aranges
                0x00000758       0x20 CMakeFiles/112_blink.dir/home/l3v/repo/pico/pico-sdk/src/rp2_common/pico_runtime_init/runtime_init_clocks.c.o
 .debug_aranges
                0x00000778       0x60 CMakeFiles/112_blink.dir/home/l3v/repo/pico/pico-sdk/src/rp2_common/pico_bit_ops/bit_ops_aeabi.S.o
 .debug_aranges
                0x000007d8       0x50 CMakeFiles/112_blink.dir/home/l3v/repo/pico/pico-sdk/src/rp2_common/pico_divider/divider_hardware.S.o
 .debug_aranges
                0x00000828      0x150 CMakeFiles/112_blink.dir/home/l3v/repo/pico/pico-sdk/src/rp2_common/pico_double/double_aeabi_rp2040.S.o
 .debug_aranges
                0x00000978       0x20 CMakeFiles/112_blink.dir/home/l3v/repo/pico/pico-sdk/src/rp2_common/pico_double/double_init_rom_rp2040.c.o
 .debug_aranges
                0x00000998       0xc8 CMakeFiles/112_blink.dir/home/l3v/repo/pico/pico-sdk/src/rp2_common/pico_double/double_v1_rom_shim_rp2040.S.o
 .debug_aranges
                0x00000a60       0x20 CMakeFiles/112_blink.dir/home/l3v/repo/pico/pico-sdk/src/rp2_common/pico_int64_ops/pico_int64_ops_aeabi.S.o
 .debug_aranges
                0x00000a80      0x138 CMakeFiles/112_blink.dir/home/l3v/repo/pico/pico-sdk/src/rp2_common/pico_float/float_aeabi_rp2040.S.o
 .debug_aranges
                0x00000bb8       0x20 CMakeFiles/112_blink.dir/home/l3v/repo/pico/pico-sdk/src/rp2_common/pico_float/float_init_rom_rp2040.c.o
 .debug_aranges
                0x00000bd8       0x50 CMakeFiles/112_blink.dir/home/l3v/repo/pico/pico-sdk/src/rp2_common/pico_float/float_v1_rom_shim_rp2040.S.o
 .debug_aranges
                0x00000c28       0x38 CMakeFiles/112_blink.dir/home/l3v/repo/pico/pico-sdk/src/rp2_common/pico_mem_ops/mem_ops_aeabi.S.o
 .debug_aranges
                0x00000c60       0x18 CMakeFiles/112_blink.dir/home/l3v/repo/pico/pico-sdk/src/rp2_common/pico_standard_binary_info/standard_binary_info.c.o
 .debug_aranges
                0x00000c78       0x90 CMakeFiles/112_blink.dir/home/l3v/repo/pico/pico-sdk/src/rp2_common/pico_printf/printf.c.o
 .debug_aranges
                0x00000d08       0x28 CMakeFiles/112_blink.dir/home/l3v/repo/pico/pico-sdk/src/rp2_common/pico_crt0/crt0.S.o
 .debug_aranges
                0x00000d30       0xb0 CMakeFiles/112_blink.dir/home/l3v/repo/pico/pico-sdk/src/rp2_common/pico_clib_interface/newlib_interface.c.o
 .debug_aranges
                0x00000de0       0xc8 CMakeFiles/112_blink.dir/home/l3v/repo/pico/pico-sdk/src/rp2_common/pico_stdio/stdio.c.o
 .debug_aranges
                0x00000ea8       0x20 /usr/lib/gcc/arm-none-eabi/15.2.0/thumb/v6-m/nofp/libgcc.a(_dvmd_tls.o)
 .debug_aranges
                0x00000ec8       0x20 /usr/lib/gcc/arm-none-eabi/15.2.0/../../../../arm-none-eabi/lib/thumb/v6-m/nofp/libg.a(libc_a-strlen-stub.o)

.debug_rnglists
                0x00000000     0x2968
 .debug_rnglists
                0x00000000       0x61 CMakeFiles/112_blink.dir/main.c.o
 .debug_rnglists
                0x00000061      0x514 CMakeFiles/112_blink.dir/home/l3v/repo/pico/pico-sdk/src/rp2_common/hardware_gpio/gpio.c.o
 .debug_rnglists
                0x00000575       0x19 CMakeFiles/112_blink.dir/home/l3v/repo/pico/pico-sdk/src/rp2_common/pico_platform_panic/panic.c.o
 .debug_rnglists
                0x0000058e       0xb6 CMakeFiles/112_blink.dir/home/l3v/repo/pico/pico-sdk/src/common/hardware_claim/claim.c.o
 .debug_rnglists
                0x00000644       0x58 CMakeFiles/112_blink.dir/home/l3v/repo/pico/pico-sdk/src/rp2_common/hardware_sync/sync.c.o
 .debug_rnglists
                0x0000069c       0x3d CMakeFiles/112_blink.dir/home/l3v/repo/pico/pico-sdk/src/rp2_common/hardware_sync_spin_lock/sync_spin_lock.c.o
 .debug_rnglists
                0x000006d9      0x3c6 CMakeFiles/112_blink.dir/home/l3v/repo/pico/pico-sdk/src/rp2_common/hardware_irq/irq.c.o
 .debug_rnglists
                0x00000a9f       0x1f CMakeFiles/112_blink.dir/home/l3v/repo/pico/pico-sdk/src/common/pico_sync/lock_core.c.o
 .debug_rnglists
                0x00000abe      0x1ea CMakeFiles/112_blink.dir/home/l3v/repo/pico/pico-sdk/src/common/pico_sync/mutex.c.o
 .debug_rnglists
                0x00000ca8      0x7ee CMakeFiles/112_blink.dir/home/l3v/repo/pico/pico-sdk/src/common/pico_time/time.c.o
 .debug_rnglists
                0x00001496      0x2b6 CMakeFiles/112_blink.dir/home/l3v/repo/pico/pico-sdk/src/rp2_common/hardware_timer/timer.c.o
 .debug_rnglists
                0x0000174c      0x60e CMakeFiles/112_blink.dir/home/l3v/repo/pico/pico-sdk/src/rp2_common/hardware_clocks/clocks.c.o
 .debug_rnglists
                0x00001d5a       0x41 CMakeFiles/112_blink.dir/home/l3v/repo/pico/pico-sdk/src/rp2_common/hardware_pll/pll.c.o
 .debug_rnglists
                0x00001d9b       0x2b CMakeFiles/112_blink.dir/home/l3v/repo/pico/pico-sdk/src/rp2_common/hardware_ticks/ticks.c.o
 .debug_rnglists
                0x00001dc6      0x112 CMakeFiles/112_blink.dir/home/l3v/repo/pico/pico-sdk/src/rp2_common/pico_bootrom/bootrom.c.o
 .debug_rnglists
                0x00001ed8       0x1f CMakeFiles/112_blink.dir/home/l3v/repo/pico/pico-sdk/src/rp2_common/hardware_xosc/xosc.c.o
 .debug_rnglists
                0x00001ef7       0x6d CMakeFiles/112_blink.dir/home/l3v/repo/pico/pico-sdk/src/rp2_common/pico_runtime/runtime.c.o
 .debug_rnglists
                0x00001f64       0x4a CMakeFiles/112_blink.dir/home/l3v/repo/pico/pico-sdk/src/rp2_common/pico_runtime_init/runtime_init.c.o
 .debug_rnglists
                0x00001fae       0x20 CMakeFiles/112_blink.dir/home/l3v/repo/pico/pico-sdk/src/rp2_common/pico_runtime_init/runtime_init_clocks.c.o
 .debug_rnglists
                0x00001fce       0x43 CMakeFiles/112_blink.dir/home/l3v/repo/pico/pico-sdk/src/rp2_common/pico_bit_ops/bit_ops_aeabi.S.o
 .debug_rnglists
                0x00002011       0x38 CMakeFiles/112_blink.dir/home/l3v/repo/pico/pico-sdk/src/rp2_common/pico_divider/divider_hardware.S.o
 .debug_rnglists
                0x00002049       0xf9 CMakeFiles/112_blink.dir/home/l3v/repo/pico/pico-sdk/src/rp2_common/pico_double/double_aeabi_rp2040.S.o
 .debug_rnglists
                0x00002142       0x14 CMakeFiles/112_blink.dir/home/l3v/repo/pico/pico-sdk/src/rp2_common/pico_double/double_init_rom_rp2040.c.o
 .debug_rnglists
                0x00002156       0x99 CMakeFiles/112_blink.dir/home/l3v/repo/pico/pico-sdk/src/rp2_common/pico_double/double_v1_rom_shim_rp2040.S.o
 .debug_rnglists
                0x000021ef       0xe5 CMakeFiles/112_blink.dir/home/l3v/repo/pico/pico-sdk/src/rp2_common/pico_float/float_aeabi_rp2040.S.o
 .debug_rnglists
                0x000022d4       0x13 CMakeFiles/112_blink.dir/home/l3v/repo/pico/pico-sdk/src/rp2_common/pico_float/float_init_rom_rp2040.c.o
 .debug_rnglists
                0x000022e7       0x38 CMakeFiles/112_blink.dir/home/l3v/repo/pico/pico-sdk/src/rp2_common/pico_float/float_v1_rom_shim_rp2040.S.o
 .debug_rnglists
                0x0000231f       0x25 CMakeFiles/112_blink.dir/home/l3v/repo/pico/pico-sdk/src/rp2_common/pico_mem_ops/mem_ops_aeabi.S.o
 .debug_rnglists
                0x00002344      0x2c6 CMakeFiles/112_blink.dir/home/l3v/repo/pico/pico-sdk/src/rp2_common/pico_printf/printf.c.o
 .debug_rnglists
                0x0000260a       0x1b CMakeFiles/112_blink.dir/home/l3v/repo/pico/pico-sdk/src/rp2_common/pico_crt0/crt0.S.o
 .debug_rnglists
                0x00002625       0x8b CMakeFiles/112_blink.dir/home/l3v/repo/pico/pico-sdk/src/rp2_common/pico_clib_interface/newlib_interface.c.o
 .debug_rnglists
                0x000026b0      0x2a5 CMakeFiles/112_blink.dir/home/l3v/repo/pico/pico-sdk/src/rp2_common/pico_stdio/stdio.c.o
 .debug_rnglists
                0x00002955       0x13 /usr/lib/gcc/arm-none-eabi/15.2.0/../../../../arm-none-eabi/lib/thumb/v6-m/nofp/libg.a(libc_a-strlen-stub.o)

.debug_line     0x00000000    0x14741
 .debug_line    0x00000000      0x3a0 CMakeFiles/112_blink.dir/main.c.o
 .debug_line    0x000003a0     0x1a56 CMakeFiles/112_blink.dir/home/l3v/repo/pico/pico-sdk/src/rp2_common/hardware_gpio/gpio.c.o
 .debug_line    0x00001df6      0x200 CMakeFiles/112_blink.dir/home/l3v/repo/pico/pico-sdk/src/rp2_common/pico_platform_panic/panic.c.o
 .debug_line    0x00001ff6      0x889 CMakeFiles/112_blink.dir/home/l3v/repo/pico/pico-sdk/src/common/hardware_claim/claim.c.o
 .debug_line    0x0000287f      0x474 CMakeFiles/112_blink.dir/home/l3v/repo/pico/pico-sdk/src/rp2_common/hardware_sync/sync.c.o
 .debug_line    0x00002cf3      0x344 CMakeFiles/112_blink.dir/home/l3v/repo/pico/pico-sdk/src/rp2_common/hardware_sync_spin_lock/sync_spin_lock.c.o
 .debug_line    0x00003037     0x1729 CMakeFiles/112_blink.dir/home/l3v/repo/pico/pico-sdk/src/rp2_common/hardware_irq/irq.c.o
 .debug_line    0x00004760      0x271 CMakeFiles/112_blink.dir/home/l3v/repo/pico/pico-sdk/src/common/pico_sync/lock_core.c.o
 .debug_line    0x000049d1     0x1300 CMakeFiles/112_blink.dir/home/l3v/repo/pico/pico-sdk/src/common/pico_sync/mutex.c.o
 .debug_line    0x00005cd1     0x350d CMakeFiles/112_blink.dir/home/l3v/repo/pico/pico-sdk/src/common/pico_time/time.c.o
 .debug_line    0x000091de     0x1d00 CMakeFiles/112_blink.dir/home/l3v/repo/pico/pico-sdk/src/rp2_common/hardware_timer/timer.c.o
 .debug_line    0x0000aede     0x2478 CMakeFiles/112_blink.dir/home/l3v/repo/pico/pico-sdk/src/rp2_common/hardware_clocks/clocks.c.o
 .debug_line    0x0000d356      0x47d CMakeFiles/112_blink.dir/home/l3v/repo/pico/pico-sdk/src/rp2_common/hardware_pll/pll.c.o
 .debug_line    0x0000d7d3      0x2c6 CMakeFiles/112_blink.dir/home/l3v/repo/pico/pico-sdk/src/rp2_common/hardware_ticks/ticks.c.o
 .debug_line    0x0000da99      0x3ff CMakeFiles/112_blink.dir/home/l3v/repo/pico/pico-sdk/src/rp2_common/pico_bootrom/bootrom.c.o
 .debug_line    0x0000de98      0x2f1 CMakeFiles/112_blink.dir/home/l3v/repo/pico/pico-sdk/src/rp2_common/hardware_xosc/xosc.c.o
 .debug_line    0x0000e189      0x2c5 CMakeFiles/112_blink.dir/home/l3v/repo/pico/pico-sdk/src/rp2_common/pico_runtime/runtime.c.o
 .debug_line    0x0000e44e      0x66a CMakeFiles/112_blink.dir/home/l3v/repo/pico/pico-sdk/src/rp2_common/pico_runtime_init/runtime_init.c.o
 .debug_line    0x0000eab8      0x4ef CMakeFiles/112_blink.dir/home/l3v/repo/pico/pico-sdk/src/rp2_common/pico_runtime_init/runtime_init_clocks.c.o
 .debug_line    0x0000efa7      0x108 CMakeFiles/112_blink.dir/home/l3v/repo/pico/pico-sdk/src/rp2_common/pico_bit_ops/bit_ops_aeabi.S.o
 .debug_line    0x0000f0af      0x2ee CMakeFiles/112_blink.dir/home/l3v/repo/pico/pico-sdk/src/rp2_common/pico_divider/divider_hardware.S.o
 .debug_line    0x0000f39d      0x452 CMakeFiles/112_blink.dir/home/l3v/repo/pico/pico-sdk/src/rp2_common/pico_double/double_aeabi_rp2040.S.o
 .debug_line    0x0000f7ef      0x40c CMakeFiles/112_blink.dir/home/l3v/repo/pico/pico-sdk/src/rp2_common/pico_double/double_init_rom_rp2040.c.o
 .debug_line    0x0000fbfb      0x66d CMakeFiles/112_blink.dir/home/l3v/repo/pico/pico-sdk/src/rp2_common/pico_double/double_v1_rom_shim_rp2040.S.o
 .debug_line    0x00010268       0x61 CMakeFiles/112_blink.dir/home/l3v/repo/pico/pico-sdk/src/rp2_common/pico_int64_ops/pico_int64_ops_aeabi.S.o
 .debug_line    0x000102c9      0x3d2 CMakeFiles/112_blink.dir/home/l3v/repo/pico/pico-sdk/src/rp2_common/pico_float/float_aeabi_rp2040.S.o
 .debug_line    0x0001069b      0x31a CMakeFiles/112_blink.dir/home/l3v/repo/pico/pico-sdk/src/rp2_common/pico_float/float_init_rom_rp2040.c.o
 .debug_line    0x000109b5      0x195 CMakeFiles/112_blink.dir/home/l3v/repo/pico/pico-sdk/src/rp2_common/pico_float/float_v1_rom_shim_rp2040.S.o
 .debug_line    0x00010b4a       0x94 CMakeFiles/112_blink.dir/home/l3v/repo/pico/pico-sdk/src/rp2_common/pico_mem_ops/mem_ops_aeabi.S.o
 .debug_line    0x00010bde      0x141 CMakeFiles/112_blink.dir/home/l3v/repo/pico/pico-sdk/src/rp2_common/pico_standard_binary_info/standard_binary_info.c.o
 .debug_line    0x00010d1f     0x1b53 CMakeFiles/112_blink.dir/home/l3v/repo/pico/pico-sdk/src/rp2_common/pico_printf/printf.c.o
 .debug_line    0x00012872       0xa3 CMakeFiles/112_blink.dir/home/l3v/repo/pico/pico-sdk/src/rp2_common/pico_crt0/crt0.S.o
 .debug_line    0x00012915      0x828 CMakeFiles/112_blink.dir/home/l3v/repo/pico/pico-sdk/src/rp2_common/pico_clib_interface/newlib_interface.c.o
 .debug_line    0x0001313d     0x13de CMakeFiles/112_blink.dir/home/l3v/repo/pico/pico-sdk/src/rp2_common/pico_stdio/stdio.c.o
 .debug_line    0x0001451b       0x4a /usr/lib/gcc/arm-none-eabi/15.2.0/thumb/v6-m/nofp/libgcc.a(_dvmd_tls.o)
 .debug_line    0x00014565      0x1dc /usr/lib/gcc/arm-none-eabi/15.2.0/../../../../arm-none-eabi/lib/thumb/v6-m/nofp/libg.a(libc_a-strlen-stub.o)

.debug_str      0x00000000     0x49f8
 .debug_str     0x00000000     0x49f8 CMakeFiles/112_blink.dir/main.c.o
                                0x943 (size before relaxing)
 .debug_str     0x000049f8        0x0 CMakeFiles/112_blink.dir/home/l3v/repo/pico/pico-sdk/src/rp2_common/hardware_gpio/gpio.c.o
                                0xca5 (size before relaxing)
 .debug_str     0x000049f8        0x0 CMakeFiles/112_blink.dir/home/l3v/repo/pico/pico-sdk/src/rp2_common/pico_platform_panic/panic.c.o
                                0x1dd (size before relaxing)
 .debug_str     0x000049f8        0x0 CMakeFiles/112_blink.dir/home/l3v/repo/pico/pico-sdk/src/common/hardware_claim/claim.c.o
                                0x360 (size before relaxing)
 .debug_str     0x000049f8        0x0 CMakeFiles/112_blink.dir/home/l3v/repo/pico/pico-sdk/src/rp2_common/hardware_sync/sync.c.o
                                0x309 (size before relaxing)
 .debug_str     0x000049f8        0x0 CMakeFiles/112_blink.dir/home/l3v/repo/pico/pico-sdk/src/rp2_common/hardware_sync_spin_lock/sync_spin_lock.c.o
                                0x21c (size before relaxing)
 .debug_str     0x000049f8        0x0 CMakeFiles/112_blink.dir/home/l3v/repo/pico/pico-sdk/src/rp2_common/hardware_irq/irq.c.o
                                0xacc (size before relaxing)
 .debug_str     0x000049f8        0x0 CMakeFiles/112_blink.dir/home/l3v/repo/pico/pico-sdk/src/common/pico_sync/lock_core.c.o
                                0x1e8 (size before relaxing)
 .debug_str     0x000049f8        0x0 CMakeFiles/112_blink.dir/home/l3v/repo/pico/pico-sdk/src/common/pico_sync/mutex.c.o
                                0x7c3 (size before relaxing)
 .debug_str     0x000049f8        0x0 CMakeFiles/112_blink.dir/home/l3v/repo/pico/pico-sdk/src/common/pico_time/time.c.o
                               0x11ca (size before relaxing)
 .debug_str     0x000049f8        0x0 CMakeFiles/112_blink.dir/home/l3v/repo/pico/pico-sdk/src/rp2_common/hardware_timer/timer.c.o
                                0xa0b (size before relaxing)
 .debug_str     0x000049f8        0x0 CMakeFiles/112_blink.dir/home/l3v/repo/pico/pico-sdk/src/rp2_common/hardware_clocks/clocks.c.o
                                0xead (size before relaxing)
 .debug_str     0x000049f8        0x0 CMakeFiles/112_blink.dir/home/l3v/repo/pico/pico-sdk/src/rp2_common/hardware_pll/pll.c.o
                                0x447 (size before relaxing)
 .debug_str     0x000049f8        0x0 CMakeFiles/112_blink.dir/home/l3v/repo/pico/pico-sdk/src/rp2_common/hardware_ticks/ticks.c.o
                                0x26a (size before relaxing)
 .debug_str     0x000049f8        0x0 CMakeFiles/112_blink.dir/home/l3v/repo/pico/pico-sdk/src/rp2_common/pico_bootrom/bootrom.c.o
                                0x32f (size before relaxing)
 .debug_str     0x000049f8        0x0 CMakeFiles/112_blink.dir/home/l3v/repo/pico/pico-sdk/src/rp2_common/hardware_xosc/xosc.c.o
                                0x21f (size before relaxing)
 .debug_str     0x000049f8        0x0 CMakeFiles/112_blink.dir/home/l3v/repo/pico/pico-sdk/src/rp2_common/pico_runtime/runtime.c.o
                                0x26f (size before relaxing)
 .debug_str     0x000049f8        0x0 CMakeFiles/112_blink.dir/home/l3v/repo/pico/pico-sdk/src/rp2_common/pico_runtime_init/runtime_init.c.o
                                0x7a2 (size before relaxing)
 .debug_str     0x000049f8        0x0 CMakeFiles/112_blink.dir/home/l3v/repo/pico/pico-sdk/src/rp2_common/pico_runtime_init/runtime_init_clocks.c.o
                                0x477 (size before relaxing)
 .debug_str     0x000049f8        0x0 CMakeFiles/112_blink.dir/home/l3v/repo/pico/pico-sdk/src/rp2_common/pico_bit_ops/bit_ops_aeabi.S.o
                                 0x79 (size before relaxing)
 .debug_str     0x000049f8        0x0 CMakeFiles/112_blink.dir/home/l3v/repo/pico/pico-sdk/src/rp2_common/pico_divider/divider_hardware.S.o
                                 0x7c (size before relaxing)
 .debug_str     0x000049f8        0x0 CMakeFiles/112_blink.dir/home/l3v/repo/pico/pico-sdk/src/rp2_common/pico_double/double_aeabi_rp2040.S.o
                                 0x7e (size before relaxing)
 .debug_str     0x000049f8        0x0 CMakeFiles/112_blink.dir/home/l3v/repo/pico/pico-sdk/src/rp2_common/pico_double/double_init_rom_rp2040.c.o
                                0x2a5 (size before relaxing)
 .debug_str     0x000049f8        0x0 CMakeFiles/112_blink.dir/home/l3v/repo/pico/pico-sdk/src/rp2_common/pico_double/double_v1_rom_shim_rp2040.S.o
                                 0x84 (size before relaxing)
 .debug_str     0x000049f8        0x0 CMakeFiles/112_blink.dir/home/l3v/repo/pico/pico-sdk/src/rp2_common/pico_int64_ops/pico_int64_ops_aeabi.S.o
                                 0x82 (size before relaxing)
 .debug_str     0x000049f8        0x0 CMakeFiles/112_blink.dir/home/l3v/repo/pico/pico-sdk/src/rp2_common/pico_float/float_aeabi_rp2040.S.o
                                 0x7c (size before relaxing)
 .debug_str     0x000049f8        0x0 CMakeFiles/112_blink.dir/home/l3v/repo/pico/pico-sdk/src/rp2_common/pico_float/float_init_rom_rp2040.c.o
                                0x28a (size before relaxing)
 .debug_str     0x000049f8        0x0 CMakeFiles/112_blink.dir/home/l3v/repo/pico/pico-sdk/src/rp2_common/pico_float/float_v1_rom_shim_rp2040.S.o
                                 0x82 (size before relaxing)
 .debug_str     0x000049f8        0x0 CMakeFiles/112_blink.dir/home/l3v/repo/pico/pico-sdk/src/rp2_common/pico_mem_ops/mem_ops_aeabi.S.o
                                 0x79 (size before relaxing)
 .debug_str     0x000049f8        0x0 CMakeFiles/112_blink.dir/home/l3v/repo/pico/pico-sdk/src/rp2_common/pico_standard_binary_info/standard_binary_info.c.o
                                0x3d9 (size before relaxing)
 .debug_str     0x000049f8        0x0 CMakeFiles/112_blink.dir/home/l3v/repo/pico/pico-sdk/src/rp2_common/pico_printf/printf.c.o
                                0x4c1 (size before relaxing)
 .debug_str     0x000049f8        0x0 CMakeFiles/112_blink.dir/home/l3v/repo/pico/pico-sdk/src/rp2_common/pico_crt0/crt0.S.o
                                 0x6d (size before relaxing)
 .debug_str     0x000049f8        0x0 CMakeFiles/112_blink.dir/home/l3v/repo/pico/pico-sdk/src/rp2_common/pico_clib_interface/newlib_interface.c.o
                                0x75e (size before relaxing)
 .debug_str     0x000049f8        0x0 CMakeFiles/112_blink.dir/home/l3v/repo/pico/pico-sdk/src/rp2_common/pico_stdio/stdio.c.o
                                0xee9 (size before relaxing)
 .debug_str     0x000049f8        0x0 /usr/lib/gcc/arm-none-eabi/15.2.0/thumb/v6-m/nofp/libgcc.a(_dvmd_tls.o)
                                 0xd3 (size before relaxing)
 .debug_str     0x000049f8        0x0 /usr/lib/gcc/arm-none-eabi/15.2.0/../../../../arm-none-eabi/lib/thumb/v6-m/nofp/libg.a(libc_a-strlen-stub.o)
                                0x1f7 (size before relaxing)

.comment        0x00000000       0x46
 .comment       0x00000000       0x46 CMakeFiles/112_blink.dir/main.c.o
                                 0x24 (size before relaxing)
 .comment       0x00000046        0x0 CMakeFiles/112_blink.dir/home/l3v/repo/pico/pico-sdk/src/rp2_common/hardware_gpio/gpio.c.o
                                 0x24 (size before relaxing)
 .comment       0x00000046        0x0 CMakeFiles/112_blink.dir/home/l3v/repo/pico/pico-sdk/src/rp2_common/pico_platform_panic/panic.c.o
                                 0x24 (size before relaxing)
 .comment       0x00000046        0x0 CMakeFiles/112_blink.dir/home/l3v/repo/pico/pico-sdk/src/common/hardware_claim/claim.c.o
                                 0x24 (size before relaxing)
 .comment       0x00000046        0x0 CMakeFiles/112_blink.dir/home/l3v/repo/pico/pico-sdk/src/rp2_common/hardware_sync/sync.c.o
                                 0x24 (size before relaxing)
 .comment       0x00000046        0x0 CMakeFiles/112_blink.dir/home/l3v/repo/pico/pico-sdk/src/rp2_common/hardware_sync_spin_lock/sync_spin_lock.c.o
                                 0x24 (size before relaxing)
 .comment       0x00000046        0x0 CMakeFiles/112_blink.dir/home/l3v/repo/pico/pico-sdk/src/rp2_common/hardware_irq/irq.c.o
                                 0x24 (size before relaxing)
 .comment       0x00000046        0x0 CMakeFiles/112_blink.dir/home/l3v/repo/pico/pico-sdk/src/common/pico_sync/lock_core.c.o
                                 0x24 (size before relaxing)
 .comment       0x00000046        0x0 CMakeFiles/112_blink.dir/home/l3v/repo/pico/pico-sdk/src/common/pico_sync/mutex.c.o
                                 0x24 (size before relaxing)
 .comment       0x00000046        0x0 CMakeFiles/112_blink.dir/home/l3v/repo/pico/pico-sdk/src/common/pico_time/time.c.o
                                 0x24 (size before relaxing)
 .comment       0x00000046        0x0 CMakeFiles/112_blink.dir/home/l3v/repo/pico/pico-sdk/src/rp2_common/hardware_timer/timer.c.o
                                 0x24 (size before relaxing)
 .comment       0x00000046        0x0 CMakeFiles/112_blink.dir/home/l3v/repo/pico/pico-sdk/src/rp2_common/hardware_clocks/clocks.c.o
                                 0x24 (size before relaxing)
 .comment       0x00000046        0x0 CMakeFiles/112_blink.dir/home/l3v/repo/pico/pico-sdk/src/rp2_common/hardware_pll/pll.c.o
                                 0x24 (size before relaxing)
 .comment       0x00000046        0x0 CMakeFiles/112_blink.dir/home/l3v/repo/pico/pico-sdk/src/rp2_common/hardware_ticks/ticks.c.o
                                 0x24 (size before relaxing)
 .comment       0x00000046        0x0 CMakeFiles/112_blink.dir/home/l3v/repo/pico/pico-sdk/src/rp2_common/pico_bootrom/bootrom.c.o
                                 0x24 (size before relaxing)
 .comment       0x00000046        0x0 CMakeFiles/112_blink.dir/home/l3v/repo/pico/pico-sdk/src/rp2_common/hardware_xosc/xosc.c.o
                                 0x24 (size before relaxing)
 .comment       0x00000046        0x0 CMakeFiles/112_blink.dir/home/l3v/repo/pico/pico-sdk/src/rp2_common/pico_runtime/runtime.c.o
                                 0x24 (size before relaxing)
 .comment       0x00000046        0x0 CMakeFiles/112_blink.dir/home/l3v/repo/pico/pico-sdk/src/rp2_common/pico_runtime_init/runtime_init.c.o
                                 0x24 (size before relaxing)
 .comment       0x00000046        0x0 CMakeFiles/112_blink.dir/home/l3v/repo/pico/pico-sdk/src/rp2_common/pico_runtime_init/runtime_init_clocks.c.o
                                 0x24 (size before relaxing)
 .comment       0x00000046        0x0 CMakeFiles/112_blink.dir/home/l3v/repo/pico/pico-sdk/src/rp2_common/pico_double/double_init_rom_rp2040.c.o
                                 0x24 (size before relaxing)
 .comment       0x00000046        0x0 CMakeFiles/112_blink.dir/home/l3v/repo/pico/pico-sdk/src/rp2_common/pico_float/float_init_rom_rp2040.c.o
                                 0x24 (size before relaxing)
 .comment       0x00000046        0x0 CMakeFiles/112_blink.dir/home/l3v/repo/pico/pico-sdk/src/rp2_common/pico_standard_binary_info/standard_binary_info.c.o
                                 0x24 (size before relaxing)
 .comment       0x00000046        0x0 CMakeFiles/112_blink.dir/home/l3v/repo/pico/pico-sdk/src/rp2_common/pico_printf/printf.c.o
                                 0x24 (size before relaxing)
 .comment       0x00000046        0x0 CMakeFiles/112_blink.dir/home/l3v/repo/pico/pico-sdk/src/rp2_common/pico_clib_interface/newlib_interface.c.o
                                 0x24 (size before relaxing)
 .comment       0x00000046        0x0 CMakeFiles/112_blink.dir/home/l3v/repo/pico/pico-sdk/src/rp2_common/pico_stdio/stdio.c.o
                                 0x24 (size before relaxing)
 .comment       0x00000046        0x0 /usr/lib/gcc/arm-none-eabi/15.2.0/../../../../arm-none-eabi/lib/thumb/v6-m/nofp/libg.a(libc_a-strlen-stub.o)
                                 0x24 (size before relaxing)

.ARM.attributes
                0x00000000       0x2a
 .ARM.attributes
                0x00000000       0x2c CMakeFiles/112_blink.dir/main.c.o
 .ARM.attributes
                0x0000002c       0x2c CMakeFiles/112_blink.dir/home/l3v/repo/pico/pico-sdk/src/rp2_common/hardware_gpio/gpio.c.o
 .ARM.attributes
                0x00000058       0x2c CMakeFiles/112_blink.dir/home/l3v/repo/pico/pico-sdk/src/rp2_common/pico_platform_panic/panic.c.o
 .ARM.attributes
                0x00000084       0x2c CMakeFiles/112_blink.dir/home/l3v/repo/pico/pico-sdk/src/common/hardware_claim/claim.c.o
 .ARM.attributes
                0x000000b0       0x2c CMakeFiles/112_blink.dir/home/l3v/repo/pico/pico-sdk/src/rp2_common/hardware_sync/sync.c.o
 .ARM.attributes
                0x000000dc       0x2c CMakeFiles/112_blink.dir/home/l3v/repo/pico/pico-sdk/src/rp2_common/hardware_sync_spin_lock/sync_spin_lock.c.o
 .ARM.attributes
                0x00000108       0x2c CMakeFiles/112_blink.dir/home/l3v/repo/pico/pico-sdk/src/rp2_common/hardware_irq/irq.c.o
 .ARM.attributes
                0x00000134       0x2c CMakeFiles/112_blink.dir/home/l3v/repo/pico/pico-sdk/src/common/pico_sync/lock_core.c.o
 .ARM.attributes
                0x00000160       0x2c CMakeFiles/112_blink.dir/home/l3v/repo/pico/pico-sdk/src/common/pico_sync/mutex.c.o
 .ARM.attributes
                0x0000018c       0x2c CMakeFiles/112_blink.dir/home/l3v/repo/pico/pico-sdk/src/common/pico_time/time.c.o
 .ARM.attributes
                0x000001b8       0x2c CMakeFiles/112_blink.dir/home/l3v/repo/pico/pico-sdk/src/rp2_common/hardware_timer/timer.c.o
 .ARM.attributes
                0x000001e4       0x2c CMakeFiles/112_blink.dir/home/l3v/repo/pico/pico-sdk/src/rp2_common/hardware_clocks/clocks.c.o
 .ARM.attributes
                0x00000210       0x2c CMakeFiles/112_blink.dir/home/l3v/repo/pico/pico-sdk/src/rp2_common/hardware_pll/pll.c.o
 .ARM.attributes
                0x0000023c       0x2c CMakeFiles/112_blink.dir/home/l3v/repo/pico/pico-sdk/src/rp2_common/hardware_ticks/ticks.c.o
 .ARM.attributes
                0x00000268       0x2c CMakeFiles/112_blink.dir/home/l3v/repo/pico/pico-sdk/src/rp2_common/pico_bootrom/bootrom.c.o
 .ARM.attributes